Archive member included to satisfy reference by file (symbol)

/opt/altera/16.0/nios2eds/bin/gnu/H-x86_64-pc-linux-gnu/bin/../lib/gcc/nios2-elf/5.2.0/../../../../../H-x86_64-pc-linux-gnu/nios2-elf/lib/mhw-mulx/libc.a(lib_a-printf.o)
                              obj/default/hello_ucosii.o (printf)
/opt/altera/16.0/nios2eds/bin/gnu/H-x86_64-pc-linux-gnu/bin/../lib/gcc/nios2-elf/5.2.0/../../../../../H-x86_64-pc-linux-gnu/nios2-elf/lib/mhw-mulx/libc.a(lib_a-vfprintf.o)
                              /opt/altera/16.0/nios2eds/bin/gnu/H-x86_64-pc-linux-gnu/bin/../lib/gcc/nios2-elf/5.2.0/../../../../../H-x86_64-pc-linux-gnu/nios2-elf/lib/mhw-mulx/libc.a(lib_a-printf.o) (___vfprintf_internal_r)
/opt/altera/16.0/nios2eds/bin/gnu/H-x86_64-pc-linux-gnu/bin/../lib/gcc/nios2-elf/5.2.0/../../../../../H-x86_64-pc-linux-gnu/nios2-elf/lib/mhw-mulx/libc.a(lib_a-wsetup.o)
                              /opt/altera/16.0/nios2eds/bin/gnu/H-x86_64-pc-linux-gnu/bin/../lib/gcc/nios2-elf/5.2.0/../../../../../H-x86_64-pc-linux-gnu/nios2-elf/lib/mhw-mulx/libc.a(lib_a-vfprintf.o) (__swsetup_r)
/opt/altera/16.0/nios2eds/bin/gnu/H-x86_64-pc-linux-gnu/bin/../lib/gcc/nios2-elf/5.2.0/../../../../../H-x86_64-pc-linux-gnu/nios2-elf/lib/mhw-mulx/libc.a(lib_a-dtoa.o)
                              /opt/altera/16.0/nios2eds/bin/gnu/H-x86_64-pc-linux-gnu/bin/../lib/gcc/nios2-elf/5.2.0/../../../../../H-x86_64-pc-linux-gnu/nios2-elf/lib/mhw-mulx/libc.a(lib_a-vfprintf.o) (_dtoa_r)
/opt/altera/16.0/nios2eds/bin/gnu/H-x86_64-pc-linux-gnu/bin/../lib/gcc/nios2-elf/5.2.0/../../../../../H-x86_64-pc-linux-gnu/nios2-elf/lib/mhw-mulx/libc.a(lib_a-fflush.o)
                              /opt/altera/16.0/nios2eds/bin/gnu/H-x86_64-pc-linux-gnu/bin/../lib/gcc/nios2-elf/5.2.0/../../../../../H-x86_64-pc-linux-gnu/nios2-elf/lib/mhw-mulx/libc.a(lib_a-vfprintf.o) (_fflush_r)
/opt/altera/16.0/nios2eds/bin/gnu/H-x86_64-pc-linux-gnu/bin/../lib/gcc/nios2-elf/5.2.0/../../../../../H-x86_64-pc-linux-gnu/nios2-elf/lib/mhw-mulx/libc.a(lib_a-findfp.o)
                              /opt/altera/16.0/nios2eds/bin/gnu/H-x86_64-pc-linux-gnu/bin/../lib/gcc/nios2-elf/5.2.0/../../../../../H-x86_64-pc-linux-gnu/nios2-elf/lib/mhw-mulx/libc.a(lib_a-vfprintf.o) (__sinit)
/opt/altera/16.0/nios2eds/bin/gnu/H-x86_64-pc-linux-gnu/bin/../lib/gcc/nios2-elf/5.2.0/../../../../../H-x86_64-pc-linux-gnu/nios2-elf/lib/mhw-mulx/libc.a(lib_a-freer.o)
                              /opt/altera/16.0/nios2eds/bin/gnu/H-x86_64-pc-linux-gnu/bin/../lib/gcc/nios2-elf/5.2.0/../../../../../H-x86_64-pc-linux-gnu/nios2-elf/lib/mhw-mulx/libc.a(lib_a-wsetup.o) (_free_r)
/opt/altera/16.0/nios2eds/bin/gnu/H-x86_64-pc-linux-gnu/bin/../lib/gcc/nios2-elf/5.2.0/../../../../../H-x86_64-pc-linux-gnu/nios2-elf/lib/mhw-mulx/libc.a(lib_a-fwalk.o)
                              /opt/altera/16.0/nios2eds/bin/gnu/H-x86_64-pc-linux-gnu/bin/../lib/gcc/nios2-elf/5.2.0/../../../../../H-x86_64-pc-linux-gnu/nios2-elf/lib/mhw-mulx/libc.a(lib_a-findfp.o) (_fwalk)
/opt/altera/16.0/nios2eds/bin/gnu/H-x86_64-pc-linux-gnu/bin/../lib/gcc/nios2-elf/5.2.0/../../../../../H-x86_64-pc-linux-gnu/nios2-elf/lib/mhw-mulx/libc.a(lib_a-impure.o)
                              /opt/altera/16.0/nios2eds/bin/gnu/H-x86_64-pc-linux-gnu/bin/../lib/gcc/nios2-elf/5.2.0/../../../../../H-x86_64-pc-linux-gnu/nios2-elf/lib/mhw-mulx/libc.a(lib_a-fflush.o) (_global_impure_ptr)
/opt/altera/16.0/nios2eds/bin/gnu/H-x86_64-pc-linux-gnu/bin/../lib/gcc/nios2-elf/5.2.0/../../../../../H-x86_64-pc-linux-gnu/nios2-elf/lib/mhw-mulx/libc.a(lib_a-locale.o)
                              /opt/altera/16.0/nios2eds/bin/gnu/H-x86_64-pc-linux-gnu/bin/../lib/gcc/nios2-elf/5.2.0/../../../../../H-x86_64-pc-linux-gnu/nios2-elf/lib/mhw-mulx/libc.a(lib_a-vfprintf.o) (_localeconv_r)
/opt/altera/16.0/nios2eds/bin/gnu/H-x86_64-pc-linux-gnu/bin/../lib/gcc/nios2-elf/5.2.0/../../../../../H-x86_64-pc-linux-gnu/nios2-elf/lib/mhw-mulx/libc.a(lib_a-makebuf.o)
                              /opt/altera/16.0/nios2eds/bin/gnu/H-x86_64-pc-linux-gnu/bin/../lib/gcc/nios2-elf/5.2.0/../../../../../H-x86_64-pc-linux-gnu/nios2-elf/lib/mhw-mulx/libc.a(lib_a-wsetup.o) (__smakebuf_r)
/opt/altera/16.0/nios2eds/bin/gnu/H-x86_64-pc-linux-gnu/bin/../lib/gcc/nios2-elf/5.2.0/../../../../../H-x86_64-pc-linux-gnu/nios2-elf/lib/mhw-mulx/libc.a(lib_a-mallocr.o)
                              /opt/altera/16.0/nios2eds/bin/gnu/H-x86_64-pc-linux-gnu/bin/../lib/gcc/nios2-elf/5.2.0/../../../../../H-x86_64-pc-linux-gnu/nios2-elf/lib/mhw-mulx/libc.a(lib_a-findfp.o) (_malloc_r)
/opt/altera/16.0/nios2eds/bin/gnu/H-x86_64-pc-linux-gnu/bin/../lib/gcc/nios2-elf/5.2.0/../../../../../H-x86_64-pc-linux-gnu/nios2-elf/lib/mhw-mulx/libc.a(lib_a-memchr.o)
                              /opt/altera/16.0/nios2eds/bin/gnu/H-x86_64-pc-linux-gnu/bin/../lib/gcc/nios2-elf/5.2.0/../../../../../H-x86_64-pc-linux-gnu/nios2-elf/lib/mhw-mulx/libc.a(lib_a-vfprintf.o) (memchr)
[...]
Memory Configuration

Name             Origin             Length             Attributes
reset            0x0000000000000000 0x0000000000000020
SDRAM            0x0000000000000020 0x0000000003ffffe0
VGA_Subsystem_Char_Buf_Subsystem_Onchip_SRAM 0x0000000009000000 0x0000000000002000
*default*        0x0000000000000000 0xffffffffffffffff

Linker script and memory map

LOAD /home/cat/School/camkys_bsp//obj/HAL/src/crt0.o
LOAD obj/default/hello_ucosii.o
LOAD /opt/altera/16.0/nios2eds/bin/gnu/H-x86_64-pc-linux-gnu/bin/../lib/gcc/nios2-elf/5.2.0/../../../../../H-x86_64-pc-linux-gnu/nios2-elf/lib/mhw-mulx/libstdc++.a
LOAD /opt/altera/16.0/nios2eds/bin/gnu/H-x86_64-pc-linux-gnu/bin/../lib/gcc/nios2-elf/5.2.0/../../../../../H-x86_64-pc-linux-gnu/nios2-elf/lib/mhw-mulx/libm.a
LOAD /opt/altera/16.0/nios2eds/bin/gnu/H-x86_64-pc-linux-gnu/bin/../lib/gcc/nios2-elf/5.2.0/mhw-mulx/libgcc.a
START GROUP
LOAD /opt/altera/16.0/nios2eds/bin/gnu/H-x86_64-pc-linux-gnu/bin/../lib/gcc/nios2-elf/5.2.0/../../../../../H-x86_64-pc-linux-gnu/nios2-elf/lib/mhw-mulx/libc.a
LOAD /opt/altera/16.0/nios2eds/bin/gnu/H-x86_64-pc-linux-gnu/bin/../lib/gcc/nios2-elf/5.2.0/mhw-mulx/libgcc.a
LOAD /home/cat/School/camkys_bsp//libucosii_bsp.a
LOAD /opt/altera/16.0/nios2eds/bin/gnu/H-x86_64-pc-linux-gnu/bin/../lib/gcc/nios2-elf/5.2.0/../../../../../H-x86_64-pc-linux-gnu/nios2-elf/lib/mhw-mulx/libm.a
END GROUP
LOAD /opt/altera/16.0/nios2eds/bin/gnu/H-x86_64-pc-linux-gnu/bin/../lib/gcc/nios2-elf/5.2.0/mhw-mulx/libgcc.a
                0x0000000000000000                __alt_mem_SDRAM = 0x0
                0x0000000009000000                __alt_mem_VGA_Subsystem_Char_Buf_Subsystem_Onchip_SRAM = 0x9000000

.entry          0x0000000000000000       0x20
 *(.entry)
 .entry         0x0000000000000000       0x20 /home/cat/School/camkys_bsp//obj/HAL/src/crt0.o
                0x0000000000000000                __reset

.exceptions     0x0000000000000020      0x228
                0x0000000000000020                PROVIDE (__ram_exceptions_start, ABSOLUTE (.))
                0x0000000000000020                . = ALIGN (0x20)
 *(.irq)
 *(.exceptions.entry.label)
 .exceptions.entry.label
                0x0000000000000020        0x0 /home/cat/School/camkys_bsp//libucosii_bsp.a(alt_irq_entry.o)
                0x0000000000000020                alt_irq_entry
 .exceptions.entry.label
                0x0000000000000020        0x0 /home/cat/School/camkys_bsp//libucosii_bsp.a(alt_exception_entry.o)
                0x0000000000000020                alt_exception
 *(.exceptions.entry.user)
 *(.exceptions.entry.ecc_fatal)
 *(.exceptions.entry)
 .exceptions.entry
                0x0000000000000020       0x54 /home/cat/School/camkys_bsp//libucosii_bsp.a(alt_exception_entry.o)
 *(.exceptions.irqtest.user)
 *(.exceptions.irqtest)
 .exceptions.irqtest
                0x0000000000000074       0x10 /home/cat/School/camkys_bsp//libucosii_bsp.a(alt_irq_entry.o)
 *(.exceptions.irqhandler.user)
 *(.exceptions.irqhandler)
 .exceptions.irqhandler
                0x0000000000000084        0x4 /home/cat/School/camkys_bsp//libucosii_bsp.a(alt_irq_entry.o)
 *(.exceptions.irqreturn.user)
 *(.exceptions.irqreturn)
 .exceptions.irqreturn
                0x0000000000000088        0x4 /home/cat/School/camkys_bsp//libucosii_bsp.a(alt_irq_entry.o)
 *(.exceptions.notirq.label)
 .exceptions.notirq.label
                0x000000000000008c        0x0 /home/cat/School/camkys_bsp//libucosii_bsp.a(alt_irq_entry.o)
 *(.exceptions.notirq.user)
 *(.exceptions.notirq)
 .exceptions.notirq
                0x000000000000008c        0x8 /home/cat/School/camkys_bsp//libucosii_bsp.a(alt_exception_entry.o)
 *(.exceptions.soft.user)
 *(.exceptions.soft)
 *(.exceptions.unknown.user)
 *(.exceptions.unknown)
 .exceptions.unknown
                0x0000000000000094       0x14 /home/cat/School/camkys_bsp//libucosii_bsp.a(alt_exception_entry.o)
 *(.exceptions.exit.label)
 .exceptions.exit.label
                0x00000000000000a8        0x0 /home/cat/School/camkys_bsp//libucosii_bsp.a(alt_irq_entry.o)
 .exceptions.exit.label
                0x00000000000000a8        0x0 /home/cat/School/camkys_bsp//libucosii_bsp.a(alt_exception_entry.o)
 *(.exceptions.exit.user)
 *(.exceptions.exit)
 .exceptions.exit
                0x00000000000000a8       0x54 /home/cat/School/camkys_bsp//libucosii_bsp.a(alt_exception_entry.o)
 *(.exceptions)
 .exceptions    0x00000000000000fc       0xd8 /home/cat/School/camkys_bsp//libucosii_bsp.a(alt_irq_handler.o)
                0x00000000000000fc                alt_irq_handler
 .exceptions    0x00000000000001d4       0x74 /home/cat/School/camkys_bsp//libucosii_bsp.a(alt_instruction_exception_entry.o)
                0x00000000000001d4                alt_instruction_exception_entry
                0x0000000000000248                PROVIDE (__ram_exceptions_end, ABSOLUTE (.))
                0x0000000000000020                PROVIDE (__flash_exceptions_start, LOADADDR (.exceptions))

.text           0x0000000000000248    0x193cc
                [!provide]                        PROVIDE (stext, ABSOLUTE (.))
 *(.interp)
 *(.hash)
 *(.dynsym)
 *(.dynstr)
 *(.gnu.version)
 *(.gnu.version_d)
 *(.gnu.version_r)
 *(.rel.init)
 *(.rela.init)
 *(.rel.text .rel.text.* .rel.gnu.linkonce.t.*)
 *(.rela.text .rela.text.* .rela.gnu.linkonce.t.*)
 *(.rel.fini)
 *(.rela.fini)
 *(.rel.rodata .rel.rodata.* .rel.gnu.linkonce.r.*)
 *(.rela.rodata .rela.rodata.* .rela.gnu.linkonce.r.*)
 *(.rel.data .rel.data.* .rel.gnu.linkonce.d.*)
 *(.rela.data .rela.data.* .rela.gnu.linkonce.d.*)
 *(.rel.tdata .rel.tdata.* .rel.gnu.linkonce.td.*)
 *(.rela.tdata .rela.tdata.* .rela.gnu.linkonce.td.*)
 *(.rel.tbss .rel.tbss.* .rel.gnu.linkonce.tb.*)
 *(.rela.tbss .rela.tbss.* .rela.gnu.linkonce.tb.*)
 *(.rel.ctors)
 *(.rela.ctors)
 *(.rel.dtors)
 *(.rela.dtors)
 *(.rel.got)
 *(.rela.got)
 *(.rel.sdata .rel.sdata.* .rel.gnu.linkonce.s.*)
 *(.rela.sdata .rela.sdata.* .rela.gnu.linkonce.s.*)
 *(.rel.sbss .rel.sbss.* .rel.gnu.linkonce.sb.*)
 *(.rela.sbss .rela.sbss.* .rela.gnu.linkonce.sb.*)
 *(.rel.sdata2 .rel.sdata2.* .rel.gnu.linkonce.s2.*)
 *(.rela.sdata2 .rela.sdata2.* .rela.gnu.linkonce.s2.*)
 *(.rel.sbss2 .rel.sbss2.* .rel.gnu.linkonce.sb2.*)
 *(.rela.sbss2 .rela.sbss2.* .rela.gnu.linkonce.sb2.*)
 *(.rel.bss .rel.bss.* .rel.gnu.linkonce.b.*)
 *(.rela.bss .rela.bss.* .rela.gnu.linkonce.b.*)
 *(.rel.plt)
 *(.rela.plt)
 *(.rel.dyn)
 *(.init)
 *(.plt)
 *(.text .stub .text.* .gnu.linkonce.t.*)
 .text          0x0000000000000248       0x3c /home/cat/School/camkys_bsp//obj/HAL/src/crt0.o
                0x0000000000000248                _start
 .text          0x0000000000000284      0x1dc obj/default/hello_ucosii.o
                0x0000000000000284                main
                0x0000000000000340                Test_expansion_ports
 .text          0x0000000000000460        0x0 /opt/altera/16.0/nios2eds/bin/gnu/H-x86_64-pc-linux-gnu/bin/../lib/gcc/nios2-elf/5.2.0/../../../../../H-x86_64-pc-linux-gnu/nios2-elf/lib/mhw-mulx/libc.a(lib_a-printf.o)
 .text._printf_r
                0x0000000000000460       0x30 /opt/altera/16.0/nios2eds/bin/gnu/H-x86_64-pc-linux-gnu/bin/../lib/gcc/nios2-elf/5.2.0/../../../../../H-x86_64-pc-linux-gnu/nios2-elf/lib/mhw-mulx/libc.a(lib_a-printf.o)
                0x0000000000000460                _printf_r
 .text.printf   0x0000000000000490       0x3c /opt/altera/16.0/nios2eds/bin/gnu/H-x86_64-pc-linux-gnu/bin/../lib/gcc/nios2-elf/5.2.0/../../../../../H-x86_64-pc-linux-gnu/nios2-elf/lib/mhw-mulx/libc.a(lib_a-printf.o)
                0x0000000000000490                printf
 .text          0x00000000000004cc        0x0 /opt/altera/16.0/nios2eds/bin/gnu/H-x86_64-pc-linux-gnu/bin/../lib/gcc/nios2-elf/5.2.0/../../../../../H-x86_64-pc-linux-gnu/nios2-elf/lib/mhw-mulx/libc.a(lib_a-vfprintf.o)
 .text.___vfprintf_internal_r
                0x00000000000004cc     0x21f8 /opt/altera/16.0/nios2eds/bin/gnu/H-x86_64-pc-linux-gnu/bin/../lib/gcc/nios2-elf/5.2.0/../../../../../H-x86_64-pc-linux-gnu/nios2-elf/lib/mhw-mulx/libc.a(lib_a-vfprintf.o)
                0x00000000000004cc                ___vfprintf_internal_r
 .text.__vfprintf_internal
                0x00000000000026c4       0x1c /opt/altera/16.0/nios2eds/bin/gnu/H-x86_64-pc-linux-gnu/bin/../lib/gcc/nios2-elf/5.2.0/../../../../../H-x86_64-pc-linux-gnu/nios2-elf/lib/mhw-mulx/libc.a(lib_a-vfprintf.o)
                0x00000000000026c4                __vfprintf_internal
 .text.__sbprintf
                0x00000000000026e0       0xbc /opt/altera/16.0/nios2eds/bin/gnu/H-x86_64-pc-linux-gnu/bin/../lib/gcc/nios2-elf/5.2.0/../../../../../H-x86_64-pc-linux-gnu/nios2-elf/lib/mhw-mulx/libc.a(lib_a-vfprintf.o)
 .text          0x000000000000279c        0x0 /opt/altera/16.0/nios2eds/bin/gnu/H-x86_64-pc-linux-gnu/bin/../lib/gcc/nios2-elf/5.2.0/../../../../../H-x86_64-pc-linux-gnu/nios2-elf/lib/mhw-mulx/libc.a(lib_a-wsetup.o)
 .text.__swsetup_r
                0x000000000000279c      0x154 /opt/altera/16.0/nios2eds/bin/gnu/H-x86_64-pc-linux-gnu/bin/../lib/gcc/nios2-elf/5.2.0/../../../../../H-x86_64-pc-linux-gnu/nios2-elf/lib/mhw-mulx/libc.a(lib_a-wsetup.o)
                0x000000000000279c                __swsetup_r
 .text          0x00000000000028f0        0x0 /opt/altera/16.0/nios2eds/bin/gnu/H-x86_64-pc-linux-gnu/bin/../lib/gcc/nios2-elf/5.2.0/../../../../../H-x86_64-pc-linux-gnu/nios2-elf/lib/mhw-mulx/libc.a(lib_a-dtoa.o)
 .text.quorem   0x00000000000028f0      0x200 /opt/altera/16.0/nios2eds/bin/gnu/H-x86_64-pc-linux-gnu/bin/../lib/gcc/nios2-elf/5.2.0/../../../../../H-x86_64-pc-linux-gnu/nios2-elf/lib/mhw-mulx/libc.a(lib_a-dtoa.o)
 .text._dtoa_r  0x0000000000002af0     0x1688 /opt/altera/16.0/nios2eds/bin/gnu/H-x86_64-pc-linux-gnu/bin/../lib/gcc/nios2-elf/5.2.0/../../../../../H-x86_64-pc-linux-gnu/nios2-elf/lib/mhw-mulx/libc.a(lib_a-dtoa.o)
                0x0000000000002af0                _dtoa_r
 .text          0x0000000000004178        0x0 /opt/altera/16.0/nios2eds/bin/gnu/H-x86_64-pc-linux-gnu/bin/../lib/gcc/nios2-elf/5.2.0/../../../../../H-x86_64-pc-linux-gnu/nios2-elf/lib/mhw-mulx/libc.a(lib_a-fflush.o)
 .text.__sflush_r
                0x0000000000004178      0x21c /opt/altera/16.0/nios2eds/bin/gnu/H-x86_64-pc-linux-gnu/bin/../lib/gcc/nios2-elf/5.2.0/../../../../../H-x86_64-pc-linux-gnu/nios2-elf/lib/mhw-mulx/libc.a(lib_a-fflush.o)
                0x0000000000004178                __sflush_r
 .text._fflush_r
                0x0000000000004394       0x5c /opt/altera/16.0/nios2eds/bin/gnu/H-x86_64-pc-linux-gnu/bin/../lib/gcc/nios2-elf/5.2.0/../../../../../H-x86_64-pc-linux-gnu/nios2-elf/lib/mhw-mulx/libc.a(lib_a-fflush.o)
                0x0000000000004394                _fflush_r
 .text.fflush   0x00000000000043f0       0x30 /opt/altera/16.0/nios2eds/bin/gnu/H-x86_64-pc-linux-gnu/bin/../lib/gcc/nios2-elf/5.2.0/../../../../../H-x86_64-pc-linux-gnu/nios2-elf/lib/mhw-mulx/libc.a(lib_a-fflush.o)
                0x00000000000043f0                fflush
 .text          0x0000000000004420        0x0 /opt/altera/16.0/nios2eds/bin/gnu/H-x86_64-pc-linux-gnu/bin/../lib/gcc/nios2-elf/5.2.0/../../../../../H-x86_64-pc-linux-gnu/nios2-elf/lib/mhw-mulx/libc.a(lib_a-findfp.o)
 .text.__fp_unlock
                0x0000000000004420        0x8 /opt/altera/16.0/nios2eds/bin/gnu/H-x86_64-pc-linux-gnu/bin/../lib/gcc/nios2-elf/5.2.0/../../../../../H-x86_64-pc-linux-gnu/nios2-elf/lib/mhw-mulx/libc.a(lib_a-findfp.o)
 .text._cleanup_r
                0x0000000000004428        0xc /opt/altera/16.0/nios2eds/bin/gnu/H-x86_64-pc-linux-gnu/bin/../lib/gcc/nios2-elf/5.2.0/../../../../../H-x86_64-pc-linux-gnu/nios2-elf/lib/mhw-mulx/libc.a(lib_a-findfp.o)
                0x0000000000004428                _cleanup_r
 .text.__sinit.part.1
                0x0000000000004434      0x19c /opt/altera/16.0/nios2eds/bin/gnu/H-x86_64-pc-linux-gnu/bin/../lib/gcc/nios2-elf/5.2.0/../../../../../H-x86_64-pc-linux-gnu/nios2-elf/lib/mhw-mulx/libc.a(lib_a-findfp.o)
 .text.__fp_lock
                0x00000000000045d0        0x8 /opt/altera/16.0/nios2eds/bin/gnu/H-x86_64-pc-linux-gnu/bin/../lib/gcc/nios2-elf/5.2.0/../../../../../H-x86_64-pc-linux-gnu/nios2-elf/lib/mhw-mulx/libc.a(lib_a-findfp.o)
 .text.__sfmoreglue
                0x00000000000045d8       0x68 /opt/altera/16.0/nios2eds/bin/gnu/H-x86_64-pc-linux-gnu/bin/../lib/gcc/nios2-elf/5.2.0/../../../../../H-x86_64-pc-linux-gnu/nios2-elf/lib/mhw-mulx/libc.a(lib_a-findfp.o)
                0x00000000000045d8                __sfmoreglue
 .text.__sfp    0x0000000000004640      0x118 /opt/altera/16.0/nios2eds/bin/gnu/H-x86_64-pc-linux-gnu/bin/../lib/gcc/nios2-elf/5.2.0/../../../../../H-x86_64-pc-linux-gnu/nios2-elf/lib/mhw-mulx/libc.a(lib_a-findfp.o)
                0x0000000000004640                __sfp
 .text._cleanup
                0x0000000000004758       0x18 /opt/altera/16.0/nios2eds/bin/gnu/H-x86_64-pc-linux-gnu/bin/../lib/gcc/nios2-elf/5.2.0/../../../../../H-x86_64-pc-linux-gnu/nios2-elf/lib/mhw-mulx/libc.a(lib_a-findfp.o)
                0x0000000000004758                _cleanup
 .text.__sinit  0x0000000000004770       0x10 /opt/altera/16.0/nios2eds/bin/gnu/H-x86_64-pc-linux-gnu/bin/../lib/gcc/nios2-elf/5.2.0/../../../../../H-x86_64-pc-linux-gnu/nios2-elf/lib/mhw-mulx/libc.a(lib_a-findfp.o)
                0x0000000000004770                __sinit
 .text.__sfp_lock_acquire
                0x0000000000004780        0x4 /opt/altera/16.0/nios2eds/bin/gnu/H-x86_64-pc-linux-gnu/bin/../lib/gcc/nios2-elf/5.2.0/../../../../../H-x86_64-pc-linux-gnu/nios2-elf/lib/mhw-mulx/libc.a(lib_a-findfp.o)
                0x0000000000004780                __sfp_lock_acquire
 .text.__sfp_lock_release
                0x0000000000004784        0x4 /opt/altera/16.0/nios2eds/bin/gnu/H-x86_64-pc-linux-gnu/bin/../lib/gcc/nios2-elf/5.2.0/../../../../../H-x86_64-pc-linux-gnu/nios2-elf/lib/mhw-mulx/libc.a(lib_a-findfp.o)
                0x0000000000004784                __sfp_lock_release
 .text.__sinit_lock_acquire
                0x0000000000004788        0x4 /opt/altera/16.0/nios2eds/bin/gnu/H-x86_64-pc-linux-gnu/bin/../lib/gcc/nios2-elf/5.2.0/../../../../../H-x86_64-pc-linux-gnu/nios2-elf/lib/mhw-mulx/libc.a(lib_a-findfp.o)
                0x0000000000004788                __sinit_lock_acquire
 .text.__sinit_lock_release
                0x000000000000478c        0x4 /opt/altera/16.0/nios2eds/bin/gnu/H-x86_64-pc-linux-gnu/bin/../lib/gcc/nios2-elf/5.2.0/../../../../../H-x86_64-pc-linux-gnu/nios2-elf/lib/mhw-mulx/libc.a(lib_a-findfp.o)
                0x000000000000478c                __sinit_lock_release
 .text.__fp_lock_all
                0x0000000000004790       0x18 /opt/altera/16.0/nios2eds/bin/gnu/H-x86_64-pc-linux-gnu/bin/../lib/gcc/nios2-elf/5.2.0/../../../../../H-x86_64-pc-linux-gnu/nios2-elf/lib/mhw-mulx/libc.a(lib_a-findfp.o)
                0x0000000000004790                __fp_lock_all
 .text.__fp_unlock_all
                0x00000000000047a8       0x18 /opt/altera/16.0/nios2eds/bin/gnu/H-x86_64-pc-linux-gnu/bin/../lib/gcc/nios2-elf/5.2.0/../../../../../H-x86_64-pc-linux-gnu/nios2-elf/lib/mhw-mulx/libc.a(lib_a-findfp.o)
                0x00000000000047a8                __fp_unlock_all
 .text          0x00000000000047c0        0x0 /opt/altera/16.0/nios2eds/bin/gnu/H-x86_64-pc-linux-gnu/bin/../lib/gcc/nios2-elf/5.2.0/../../../../../H-x86_64-pc-linux-gnu/nios2-elf/lib/mhw-mulx/libc.a(lib_a-freer.o)
 .text._malloc_trim_r
                0x00000000000047c0      0x124 /opt/altera/16.0/nios2eds/bin/gnu/H-x86_64-pc-linux-gnu/bin/../lib/gcc/nios2-elf/5.2.0/../../../../../H-x86_64-pc-linux-gnu/nios2-elf/lib/mhw-mulx/libc.a(lib_a-freer.o)
                0x00000000000047c0                _malloc_trim_r
 .text._free_r  0x00000000000048e4      0x310 /opt/altera/16.0/nios2eds/bin/gnu/H-x86_64-pc-linux-gnu/bin/../lib/gcc/nios2-elf/5.2.0/../../../../../H-x86_64-pc-linux-gnu/nios2-elf/lib/mhw-mulx/libc.a(lib_a-freer.o)
                0x00000000000048e4                _free_r
 .text          0x0000000000004bf4        0x0 /opt/altera/16.0/nios2eds/bin/gnu/H-x86_64-pc-linux-gnu/bin/../lib/gcc/nios2-elf/5.2.0/../../../../../H-x86_64-pc-linux-gnu/nios2-elf/lib/mhw-mulx/libc.a(lib_a-fwalk.o)
 .text._fwalk   0x0000000000004bf4       0xc4 /opt/altera/16.0/nios2eds/bin/gnu/H-x86_64-pc-linux-gnu/bin/../lib/gcc/nios2-elf/5.2.0/../../../../../H-x86_64-pc-linux-gnu/nios2-elf/lib/mhw-mulx/libc.a(lib_a-fwalk.o)
                0x0000000000004bf4                _fwalk
 .text._fwalk_reent
                0x0000000000004cb8       0xc4 /opt/altera/16.0/nios2eds/bin/gnu/H-x86_64-pc-linux-gnu/bin/../lib/gcc/nios2-elf/5.2.0/../../../../../H-x86_64-pc-linux-gnu/nios2-elf/lib/mhw-mulx/libc.a(lib_a-fwalk.o)
                0x0000000000004cb8                _fwalk_reent
 .text          0x0000000000004d7c        0x0 /opt/altera/16.0/nios2eds/bin/gnu/H-x86_64-pc-linux-gnu/bin/../lib/gcc/nios2-elf/5.2.0/../../../../../H-x86_64-pc-linux-gnu/nios2-elf/lib/mhw-mulx/libc.a(lib_a-impure.o)
 .text          0x0000000000004d7c        0x0 /opt/altera/16.0/nios2eds/bin/gnu/H-x86_64-pc-linux-gnu/bin/../lib/gcc/nios2-elf/5.2.0/../../../../../H-x86_64-pc-linux-gnu/nios2-elf/lib/mhw-mulx/libc.a(lib_a-locale.o)
 .text._setlocale_r
                0x0000000000004d7c       0x7c /opt/altera/16.0/nios2eds/bin/gnu/H-x86_64-pc-linux-gnu/bin/../lib/gcc/nios2-elf/5.2.0/../../../../../H-x86_64-pc-linux-gnu/nios2-elf/lib/mhw-mulx/libc.a(lib_a-locale.o)
                0x0000000000004d7c                _setlocale_r
 .text.__locale_charset
                0x0000000000004df8        0xc /opt/altera/16.0/nios2eds/bin/gnu/H-x86_64-pc-linux-gnu/bin/../lib/gcc/nios2-elf/5.2.0/../../../../../H-x86_64-pc-linux-gnu/nios2-elf/lib/mhw-mulx/libc.a(lib_a-locale.o)
                0x0000000000004df8                __locale_charset
 .text.__locale_mb_cur_max
                0x0000000000004e04       0x10 /opt/altera/16.0/nios2eds/bin/gnu/H-x86_64-pc-linux-gnu/bin/../lib/gcc/nios2-elf/5.2.0/../../../../../H-x86_64-pc-linux-gnu/nios2-elf/lib/mhw-mulx/libc.a(lib_a-locale.o)
                0x0000000000004e04                __locale_mb_cur_max
 .text.__locale_msgcharset
                0x0000000000004e14        0xc /opt/altera/16.0/nios2eds/bin/gnu/H-x86_64-pc-linux-gnu/bin/../lib/gcc/nios2-elf/5.2.0/../../../../../H-x86_64-pc-linux-gnu/nios2-elf/lib/mhw-mulx/libc.a(lib_a-locale.o)
                0x0000000000004e14                __locale_msgcharset
 .text.__locale_cjk_lang
                0x0000000000004e20        0x8 /opt/altera/16.0/nios2eds/bin/gnu/H-x86_64-pc-linux-gnu/bin/../lib/gcc/nios2-elf/5.2.0/../../../../../H-x86_64-pc-linux-gnu/nios2-elf/lib/mhw-mulx/libc.a(lib_a-locale.o)
                0x0000000000004e20                __locale_cjk_lang
 .text._localeconv_r
                0x0000000000004e28        0xc /opt/altera/16.0/nios2eds/bin/gnu/H-x86_64-pc-linux-gnu/bin/../lib/gcc/nios2-elf/5.2.0/../../../../../H-x86_64-pc-linux-gnu/nios2-elf/lib/mhw-mulx/libc.a(lib_a-locale.o)
                0x0000000000004e28                _localeconv_r
 .text.setlocale
                0x0000000000004e34       0x18 /opt/altera/16.0/nios2eds/bin/gnu/H-x86_64-pc-linux-gnu/bin/../lib/gcc/nios2-elf/5.2.0/../../../../../H-x86_64-pc-linux-gnu/nios2-elf/lib/mhw-mulx/libc.a(lib_a-locale.o)
                0x0000000000004e34                setlocale
 .text.localeconv
                0x0000000000004e4c        0xc /opt/altera/16.0/nios2eds/bin/gnu/H-x86_64-pc-linux-gnu/bin/../lib/gcc/nios2-elf/5.2.0/../../../../../H-x86_64-pc-linux-gnu/nios2-elf/lib/mhw-mulx/libc.a(lib_a-locale.o)
                0x0000000000004e4c                localeconv
 .text          0x0000000000004e58        0x0 /opt/altera/16.0/nios2eds/bin/gnu/H-x86_64-pc-linux-gnu/bin/../lib/gcc/nios2-elf/5.2.0/../../../../../H-x86_64-pc-linux-gnu/nios2-elf/lib/mhw-mulx/libc.a(lib_a-makebuf.o)
 .text.__smakebuf_r
                0x0000000000004e58      0x1bc /opt/altera/16.0/nios2eds/bin/gnu/H-x86_64-pc-linux-gnu/bin/../lib/gcc/nios2-elf/5.2.0/../../../../../H-x86_64-pc-linux-gnu/nios2-elf/lib/mhw-mulx/libc.a(lib_a-makebuf.o)
                0x0000000000004e58                __smakebuf_r
 .text          0x0000000000005014        0x0 /opt/altera/16.0/nios2eds/bin/gnu/H-x86_64-pc-linux-gnu/bin/../lib/gcc/nios2-elf/5.2.0/../../../../../H-x86_64-pc-linux-gnu/nios2-elf/lib/mhw-mulx/libc.a(lib_a-mallocr.o)
 .text._malloc_r
                0x0000000000005014      0x80c /opt/altera/16.0/nios2eds/bin/gnu/H-x86_64-pc-linux-gnu/bin/../lib/gcc/nios2-elf/5.2.0/../../../../../H-x86_64-pc-linux-gnu/nios2-elf/lib/mhw-mulx/libc.a(lib_a-mallocr.o)
                0x0000000000005014                _malloc_r
 .text          0x0000000000005820        0x0 /opt/altera/16.0/nios2eds/bin/gnu/H-x86_64-pc-linux-gnu/bin/../lib/gcc/nios2-elf/5.2.0/../../../../../H-x86_64-pc-linux-gnu/nios2-elf/lib/mhw-mulx/libc.a(lib_a-memchr.o)
 .text.memchr   0x0000000000005820       0xe4 /opt/altera/16.0/nios2eds/bin/gnu/H-x86_64-pc-linux-gnu/bin/../lib/gcc/nios2-elf/5.2.0/../../../../../H-x86_64-pc-linux-gnu/nios2-elf/lib/mhw-mulx/libc.a(lib_a-memchr.o)
                0x0000000000005820                memchr
 .text          0x0000000000005904        0x0 /opt/altera/16.0/nios2eds/bin/gnu/H-x86_64-pc-linux-gnu/bin/../lib/gcc/nios2-elf/5.2.0/../../../../../H-x86_64-pc-linux-gnu/nios2-elf/lib/mhw-mulx/libc.a(lib_a-memcpy.o)
 .text.memcpy   0x0000000000005904      0x148 /opt/altera/16.0/nios2eds/bin/gnu/H-x86_64-pc-linux-gnu/bin/../lib/gcc/nios2-elf/5.2.0/../../../../../H-x86_64-pc-linux-gnu/nios2-elf/lib/mhw-mulx/libc.a(lib_a-memcpy.o)
                0x0000000000005904                memcpy
 .text          0x0000000000005a4c        0x0 /opt/altera/16.0/nios2eds/bin/gnu/H-x86_64-pc-linux-gnu/bin/../lib/gcc/nios2-elf/5.2.0/../../../../../H-x86_64-pc-linux-gnu/nios2-elf/lib/mhw-mulx/libc.a(lib_a-memset.o)
 .text.memset   0x0000000000005a4c      0x128 /opt/altera/16.0/nios2eds/bin/gnu/H-x86_64-pc-linux-gnu/bin/../lib/gcc/nios2-elf/5.2.0/../../../../../H-x86_64-pc-linux-gnu/nios2-elf/lib/mhw-mulx/libc.a(lib_a-memset.o)
                0x0000000000005a4c                memset
 .text          0x0000000000005b74        0x0 /opt/altera/16.0/nios2eds/bin/gnu/H-x86_64-pc-linux-gnu/bin/../lib/gcc/nios2-elf/5.2.0/../../../../../H-x86_64-pc-linux-gnu/nios2-elf/lib/mhw-mulx/libc.a(lib_a-mprec.o)
 .text._Balloc  0x0000000000005b74       0xa8 /opt/altera/16.0/nios2eds/bin/gnu/H-x86_64-pc-linux-gnu/bin/../lib/gcc/nios2-elf/5.2.0/../../../../../H-x86_64-pc-linux-gnu/nios2-elf/lib/mhw-mulx/libc.a(lib_a-mprec.o)
                0x0000000000005b74                _Balloc
 .text._Bfree   0x0000000000005c1c       0x28 /opt/altera/16.0/nios2eds/bin/gnu/H-x86_64-pc-linux-gnu/bin/../lib/gcc/nios2-elf/5.2.0/../../../../../H-x86_64-pc-linux-gnu/nios2-elf/lib/mhw-mulx/libc.a(lib_a-mprec.o)
                0x0000000000005c1c                _Bfree
 .text.__multadd
                0x0000000000005c44      0x120 /opt/altera/16.0/nios2eds/bin/gnu/H-x86_64-pc-linux-gnu/bin/../lib/gcc/nios2-elf/5.2.0/../../../../../H-x86_64-pc-linux-gnu/nios2-elf/lib/mhw-mulx/libc.a(lib_a-mprec.o)
                0x0000000000005c44                __multadd
 .text.__s2b    0x0000000000005d64      0x104 /opt/altera/16.0/nios2eds/bin/gnu/H-x86_64-pc-linux-gnu/bin/../lib/gcc/nios2-elf/5.2.0/../../../../../H-x86_64-pc-linux-gnu/nios2-elf/lib/mhw-mulx/libc.a(lib_a-mprec.o)
                0x0000000000005d64                __s2b
 .text.__hi0bits
                0x0000000000005e68       0x68 /opt/altera/16.0/nios2eds/bin/gnu/H-x86_64-pc-linux-gnu/bin/../lib/gcc/nios2-elf/5.2.0/../../../../../H-x86_64-pc-linux-gnu/nios2-elf/lib/mhw-mulx/libc.a(lib_a-mprec.o)
                0x0000000000005e68                __hi0bits
 .text.__lo0bits
                0x0000000000005ed0       0xb0 /opt/altera/16.0/nios2eds/bin/gnu/H-x86_64-pc-linux-gnu/bin/../lib/gcc/nios2-elf/5.2.0/../../../../../H-x86_64-pc-linux-gnu/nios2-elf/lib/mhw-mulx/libc.a(lib_a-mprec.o)
                0x0000000000005ed0                __lo0bits
 .text.__i2b    0x0000000000005f80       0x3c /opt/altera/16.0/nios2eds/bin/gnu/H-x86_64-pc-linux-gnu/bin/../lib/gcc/nios2-elf/5.2.0/../../../../../H-x86_64-pc-linux-gnu/nios2-elf/lib/mhw-mulx/libc.a(lib_a-mprec.o)
                0x0000000000005f80                __i2b
 .text.__multiply
                0x0000000000005fbc      0x1f8 /opt/altera/16.0/nios2eds/bin/gnu/H-x86_64-pc-linux-gnu/bin/../lib/gcc/nios2-elf/5.2.0/../../../../../H-x86_64-pc-linux-gnu/nios2-elf/lib/mhw-mulx/libc.a(lib_a-mprec.o)
                0x0000000000005fbc                __multiply
 .text.__pow5mult
                0x00000000000061b4      0x140 /opt/altera/16.0/nios2eds/bin/gnu/H-x86_64-pc-linux-gnu/bin/../lib/gcc/nios2-elf/5.2.0/../../../../../H-x86_64-pc-linux-gnu/nios2-elf/lib/mhw-mulx/libc.a(lib_a-mprec.o)
                0x00000000000061b4                __pow5mult
 .text.__lshift
                0x00000000000062f4      0x148 /opt/altera/16.0/nios2eds/bin/gnu/H-x86_64-pc-linux-gnu/bin/../lib/gcc/nios2-elf/5.2.0/../../../../../H-x86_64-pc-linux-gnu/nios2-elf/lib/mhw-mulx/libc.a(lib_a-mprec.o)
                0x00000000000062f4                __lshift
 .text.__mcmp   0x000000000000643c       0x60 /opt/altera/16.0/nios2eds/bin/gnu/H-x86_64-pc-linux-gnu/bin/../lib/gcc/nios2-elf/5.2.0/../../../../../H-x86_64-pc-linux-gnu/nios2-elf/lib/mhw-mulx/libc.a(lib_a-mprec.o)
                0x000000000000643c                __mcmp
 .text.__mdiff  0x000000000000649c      0x1fc /opt/altera/16.0/nios2eds/bin/gnu/H-x86_64-pc-linux-gnu/bin/../lib/gcc/nios2-elf/5.2.0/../../../../../H-x86_64-pc-linux-gnu/nios2-elf/lib/mhw-mulx/libc.a(lib_a-mprec.o)
                0x000000000000649c                __mdiff
 .text.__ulp    0x0000000000006698       0x64 /opt/altera/16.0/nios2eds/bin/gnu/H-x86_64-pc-linux-gnu/bin/../lib/gcc/nios2-elf/5.2.0/../../../../../H-x86_64-pc-linux-gnu/nios2-elf/lib/mhw-mulx/libc.a(lib_a-mprec.o)
                0x0000000000006698                __ulp
 .text.__b2d    0x00000000000066fc      0x10c /opt/altera/16.0/nios2eds/bin/gnu/H-x86_64-pc-linux-gnu/bin/../lib/gcc/nios2-elf/5.2.0/../../../../../H-x86_64-pc-linux-gnu/nios2-elf/lib/mhw-mulx/libc.a(lib_a-mprec.o)
                0x00000000000066fc                __b2d
 .text.__d2b    0x0000000000006808      0x14c /opt/altera/16.0/nios2eds/bin/gnu/H-x86_64-pc-linux-gnu/bin/../lib/gcc/nios2-elf/5.2.0/../../../../../H-x86_64-pc-linux-gnu/nios2-elf/lib/mhw-mulx/libc.a(lib_a-mprec.o)
                0x0000000000006808                __d2b
 .text.__ratio  0x0000000000006954       0xa4 /opt/altera/16.0/nios2eds/bin/gnu/H-x86_64-pc-linux-gnu/bin/../lib/gcc/nios2-elf/5.2.0/../../../../../H-x86_64-pc-linux-gnu/nios2-elf/lib/mhw-mulx/libc.a(lib_a-mprec.o)
                0x0000000000006954                __ratio
 .text._mprec_log10
                0x00000000000069f8       0x74 /opt/altera/16.0/nios2eds/bin/gnu/H-x86_64-pc-linux-gnu/bin/../lib/gcc/nios2-elf/5.2.0/../../../../../H-x86_64-pc-linux-gnu/nios2-elf/lib/mhw-mulx/libc.a(lib_a-mprec.o)
                0x00000000000069f8                _mprec_log10
 .text.__copybits
                0x0000000000006a6c       0x78 /opt/altera/16.0/nios2eds/bin/gnu/H-x86_64-pc-linux-gnu/bin/../lib/gcc/nios2-elf/5.2.0/../../../../../H-x86_64-pc-linux-gnu/nios2-elf/lib/mhw-mulx/libc.a(lib_a-mprec.o)
                0x0000000000006a6c                __copybits
 .text.__any_on
                0x0000000000006ae4       0x8c /opt/altera/16.0/nios2eds/bin/gnu/H-x86_64-pc-linux-gnu/bin/../lib/gcc/nios2-elf/5.2.0/../../../../../H-x86_64-pc-linux-gnu/nios2-elf/lib/mhw-mulx/libc.a(lib_a-mprec.o)
                0x0000000000006ae4                __any_on
 .text          0x0000000000006b70        0x0 /opt/altera/16.0/nios2eds/bin/gnu/H-x86_64-pc-linux-gnu/bin/../lib/gcc/nios2-elf/5.2.0/../../../../../H-x86_64-pc-linux-gnu/nios2-elf/lib/mhw-mulx/libc.a(lib_a-s_fpclassify.o)
 .text.__fpclassifyd
                0x0000000000006b70       0x74 /opt/altera/16.0/nios2eds/bin/gnu/H-x86_64-pc-linux-gnu/bin/../lib/gcc/nios2-elf/5.2.0/../../../../../H-x86_64-pc-linux-gnu/nios2-elf/lib/mhw-mulx/libc.a(lib_a-s_fpclassify.o)
                0x0000000000006b70                __fpclassifyd
 .text          0x0000000000006be4        0x0 /opt/altera/16.0/nios2eds/bin/gnu/H-x86_64-pc-linux-gnu/bin/../lib/gcc/nios2-elf/5.2.0/../../../../../H-x86_64-pc-linux-gnu/nios2-elf/lib/mhw-mulx/libc.a(lib_a-sbrkr.o)
 .text._sbrk_r  0x0000000000006be4       0x54 /opt/altera/16.0/nios2eds/bin/gnu/H-x86_64-pc-linux-gnu/bin/../lib/gcc/nios2-elf/5.2.0/../../../../../H-x86_64-pc-linux-gnu/nios2-elf/lib/mhw-mulx/libc.a(lib_a-sbrkr.o)
                0x0000000000006be4                _sbrk_r
 .text          0x0000000000006c38        0x0 /opt/altera/16.0/nios2eds/bin/gnu/H-x86_64-pc-linux-gnu/bin/../lib/gcc/nios2-elf/5.2.0/../../../../../H-x86_64-pc-linux-gnu/nios2-elf/lib/mhw-mulx/libc.a(lib_a-stdio.o)
 .text.__sread  0x0000000000006c38       0x54 /opt/altera/16.0/nios2eds/bin/gnu/H-x86_64-pc-linux-gnu/bin/../lib/gcc/nios2-elf/5.2.0/../../../../../H-x86_64-pc-linux-gnu/nios2-elf/lib/mhw-mulx/libc.a(lib_a-stdio.o)
                0x0000000000006c38                __sread
 .text.__seofread
                0x0000000000006c8c        0x8 /opt/altera/16.0/nios2eds/bin/gnu/H-x86_64-pc-linux-gnu/bin/../lib/gcc/nios2-elf/5.2.0/../../../../../H-x86_64-pc-linux-gnu/nios2-elf/lib/mhw-mulx/libc.a(lib_a-stdio.o)
                0x0000000000006c8c                __seofread
 .text.__swrite
                0x0000000000006c94       0x7c /opt/altera/16.0/nios2eds/bin/gnu/H-x86_64-pc-linux-gnu/bin/../lib/gcc/nios2-elf/5.2.0/../../../../../H-x86_64-pc-linux-gnu/nios2-elf/lib/mhw-mulx/libc.a(lib_a-stdio.o)
                0x0000000000006c94                __swrite
 .text.__sseek  0x0000000000006d10       0x5c /opt/altera/16.0/nios2eds/bin/gnu/H-x86_64-pc-linux-gnu/bin/../lib/gcc/nios2-elf/5.2.0/../../../../../H-x86_64-pc-linux-gnu/nios2-elf/lib/mhw-mulx/libc.a(lib_a-stdio.o)
                0x0000000000006d10                __sseek
 .text.__sclose
                0x0000000000006d6c        0x8 /opt/altera/16.0/nios2eds/bin/gnu/H-x86_64-pc-linux-gnu/bin/../lib/gcc/nios2-elf/5.2.0/../../../../../H-x86_64-pc-linux-gnu/nios2-elf/lib/mhw-mulx/libc.a(lib_a-stdio.o)
                0x0000000000006d6c                __sclose
 .text          0x0000000000006d74        0x0 /opt/altera/16.0/nios2eds/bin/gnu/H-x86_64-pc-linux-gnu/bin/../lib/gcc/nios2-elf/5.2.0/../../../../../H-x86_64-pc-linux-gnu/nios2-elf/lib/mhw-mulx/libc.a(lib_a-strcmp.o)
 .text.strcmp   0x0000000000006d74       0xdc /opt/altera/16.0/nios2eds/bin/gnu/H-x86_64-pc-linux-gnu/bin/../lib/gcc/nios2-elf/5.2.0/../../../../../H-x86_64-pc-linux-gnu/nios2-elf/lib/mhw-mulx/libc.a(lib_a-strcmp.o)
                0x0000000000006d74                strcmp
 .text          0x0000000000006e50        0x0 /opt/altera/16.0/nios2eds/bin/gnu/H-x86_64-pc-linux-gnu/bin/../lib/gcc/nios2-elf/5.2.0/../../../../../H-x86_64-pc-linux-gnu/nios2-elf/lib/mhw-mulx/libc.a(lib_a-strlen.o)
 .text.strlen   0x0000000000006e50       0x98 /opt/altera/16.0/nios2eds/bin/gnu/H-x86_64-pc-linux-gnu/bin/../lib/gcc/nios2-elf/5.2.0/../../../../../H-x86_64-pc-linux-gnu/nios2-elf/lib/mhw-mulx/libc.a(lib_a-strlen.o)
                0x0000000000006e50                strlen
 .text          0x0000000000006ee8        0x0 /opt/altera/16.0/nios2eds/bin/gnu/H-x86_64-pc-linux-gnu/bin/../lib/gcc/nios2-elf/5.2.0/../../../../../H-x86_64-pc-linux-gnu/nios2-elf/lib/mhw-mulx/libc.a(lib_a-vfiprintf.o)
 .text.__sprint_r.part.0
                0x0000000000006ee8       0xfc /opt/altera/16.0/nios2eds/bin/gnu/H-x86_64-pc-linux-gnu/bin/../lib/gcc/nios2-elf/5.2.0/../../../../../H-x86_64-pc-linux-gnu/nios2-elf/lib/mhw-mulx/libc.a(lib_a-vfiprintf.o)
 .text.__sprint_r
                0x0000000000006fe4       0x18 /opt/altera/16.0/nios2eds/bin/gnu/H-x86_64-pc-linux-gnu/bin/../lib/gcc/nios2-elf/5.2.0/../../../../../H-x86_64-pc-linux-gnu/nios2-elf/lib/mhw-mulx/libc.a(lib_a-vfiprintf.o)
                0x0000000000006fe4                __sprint_r
 .text.___vfiprintf_internal_r
                0x0000000000006ffc     0x145c /opt/altera/16.0/nios2eds/bin/gnu/H-x86_64-pc-linux-gnu/bin/../lib/gcc/nios2-elf/5.2.0/../../../../../H-x86_64-pc-linux-gnu/nios2-elf/lib/mhw-mulx/libc.a(lib_a-vfiprintf.o)
                0x0000000000006ffc                ___vfiprintf_internal_r
 .text.__vfiprintf_internal
                0x0000000000008458       0x1c /opt/altera/16.0/nios2eds/bin/gnu/H-x86_64-pc-linux-gnu/bin/../lib/gcc/nios2-elf/5.2.0/../../../../../H-x86_64-pc-linux-gnu/nios2-elf/lib/mhw-mulx/libc.a(lib_a-vfiprintf.o)
                0x0000000000008458                __vfiprintf_internal
 .text.__sbprintf
                0x0000000000008474       0xbc /opt/altera/16.0/nios2eds/bin/gnu/H-x86_64-pc-linux-gnu/bin/../lib/gcc/nios2-elf/5.2.0/../../../../../H-x86_64-pc-linux-gnu/nios2-elf/lib/mhw-mulx/libc.a(lib_a-vfiprintf.o)
 .text          0x0000000000008530        0x0 /opt/altera/16.0/nios2eds/bin/gnu/H-x86_64-pc-linux-gnu/bin/../lib/gcc/nios2-elf/5.2.0/../../../../../H-x86_64-pc-linux-gnu/nios2-elf/lib/mhw-mulx/libc.a(lib_a-writer.o)
 .text._write_r
                0x0000000000008530       0x60 /opt/altera/16.0/nios2eds/bin/gnu/H-x86_64-pc-linux-gnu/bin/../lib/gcc/nios2-elf/5.2.0/../../../../../H-x86_64-pc-linux-gnu/nios2-elf/lib/mhw-mulx/libc.a(lib_a-writer.o)
                0x0000000000008530                _write_r
 .text          0x0000000000008590        0x0 /opt/altera/16.0/nios2eds/bin/gnu/H-x86_64-pc-linux-gnu/bin/../lib/gcc/nios2-elf/5.2.0/../../../../../H-x86_64-pc-linux-gnu/nios2-elf/lib/mhw-mulx/libc.a(closer.o)
 .text._close_r
                0x0000000000008590       0x54 /opt/altera/16.0/nios2eds/bin/gnu/H-x86_64-pc-linux-gnu/bin/../lib/gcc/nios2-elf/5.2.0/../../../../../H-x86_64-pc-linux-gnu/nios2-elf/lib/mhw-mulx/libc.a(closer.o)
                0x0000000000008590                _close_r
 .text          0x00000000000085e4        0x0 /opt/altera/16.0/nios2eds/bin/gnu/H-x86_64-pc-linux-gnu/bin/../lib/gcc/nios2-elf/5.2.0/../../../../../H-x86_64-pc-linux-gnu/nios2-elf/lib/mhw-mulx/libc.a(lib_a-callocr.o)
 .text._calloc_r
                0x00000000000085e4       0xc4 /opt/altera/16.0/nios2eds/bin/gnu/H-x86_64-pc-linux-gnu/bin/../lib/gcc/nios2-elf/5.2.0/../../../../../H-x86_64-pc-linux-gnu/nios2-elf/lib/mhw-mulx/libc.a(lib_a-callocr.o)
                0x00000000000085e4                _calloc_r
 .text          0x00000000000086a8        0x0 /opt/altera/16.0/nios2eds/bin/gnu/H-x86_64-pc-linux-gnu/bin/../lib/gcc/nios2-elf/5.2.0/../../../../../H-x86_64-pc-linux-gnu/nios2-elf/lib/mhw-mulx/libc.a(lib_a-fclose.o)
 .text._fclose_r
                0x00000000000086a8       0xf0 /opt/altera/16.0/nios2eds/bin/gnu/H-x86_64-pc-linux-gnu/bin/../lib/gcc/nios2-elf/5.2.0/../../../../../H-x86_64-pc-linux-gnu/nios2-elf/lib/mhw-mulx/libc.a(lib_a-fclose.o)
                0x00000000000086a8                _fclose_r
 .text.fclose   0x0000000000008798       0x14 /opt/altera/16.0/nios2eds/bin/gnu/H-x86_64-pc-linux-gnu/bin/../lib/gcc/nios2-elf/5.2.0/../../../../../H-x86_64-pc-linux-gnu/nios2-elf/lib/mhw-mulx/libc.a(lib_a-fclose.o)
                0x0000000000008798                fclose
 .text          0x00000000000087ac        0x0 /opt/altera/16.0/nios2eds/bin/gnu/H-x86_64-pc-linux-gnu/bin/../lib/gcc/nios2-elf/5.2.0/../../../../../H-x86_64-pc-linux-gnu/nios2-elf/lib/mhw-mulx/libc.a(lib_a-fputwc.o)
 .text.__fputwc
                0x00000000000087ac      0x164 /opt/altera/16.0/nios2eds/bin/gnu/H-x86_64-pc-linux-gnu/bin/../lib/gcc/nios2-elf/5.2.0/../../../../../H-x86_64-pc-linux-gnu/nios2-elf/lib/mhw-mulx/libc.a(lib_a-fputwc.o)
                0x00000000000087ac                __fputwc
 .text._fputwc_r
                0x0000000000008910       0x24 /opt/altera/16.0/nios2eds/bin/gnu/H-x86_64-pc-linux-gnu/bin/../lib/gcc/nios2-elf/5.2.0/../../../../../H-x86_64-pc-linux-gnu/nios2-elf/lib/mhw-mulx/libc.a(lib_a-fputwc.o)
                0x0000000000008910                _fputwc_r
 .text.fputwc   0x0000000000008934       0x80 /opt/altera/16.0/nios2eds/bin/gnu/H-x86_64-pc-linux-gnu/bin/../lib/gcc/nios2-elf/5.2.0/../../../../../H-x86_64-pc-linux-gnu/nios2-elf/lib/mhw-mulx/libc.a(lib_a-fputwc.o)
                0x0000000000008934                fputwc
 .text          0x00000000000089b4        0x0 /opt/altera/16.0/nios2eds/bin/gnu/H-x86_64-pc-linux-gnu/bin/../lib/gcc/nios2-elf/5.2.0/../../../../../H-x86_64-pc-linux-gnu/nios2-elf/lib/mhw-mulx/libc.a(lib_a-fstatr.o)
 .text._fstat_r
                0x00000000000089b4       0x5c /opt/altera/16.0/nios2eds/bin/gnu/H-x86_64-pc-linux-gnu/bin/../lib/gcc/nios2-elf/5.2.0/../../../../../H-x86_64-pc-linux-gnu/nios2-elf/lib/mhw-mulx/libc.a(lib_a-fstatr.o)
                0x00000000000089b4                _fstat_r
 .text          0x0000000000008a10        0x0 /opt/altera/16.0/nios2eds/bin/gnu/H-x86_64-pc-linux-gnu/bin/../lib/gcc/nios2-elf/5.2.0/../../../../../H-x86_64-pc-linux-gnu/nios2-elf/lib/mhw-mulx/libc.a(lib_a-fvwrite.o)
 .text.__sfvwrite_r
                0x0000000000008a10      0x4bc /opt/altera/16.0/nios2eds/bin/gnu/H-x86_64-pc-linux-gnu/bin/../lib/gcc/nios2-elf/5.2.0/../../../../../H-x86_64-pc-linux-gnu/nios2-elf/lib/mhw-mulx/libc.a(lib_a-fvwrite.o)
                0x0000000000008a10                __sfvwrite_r
 .text          0x0000000000008ecc        0x0 /opt/altera/16.0/nios2eds/bin/gnu/H-x86_64-pc-linux-gnu/bin/../lib/gcc/nios2-elf/5.2.0/../../../../../H-x86_64-pc-linux-gnu/nios2-elf/lib/mhw-mulx/libc.a(lib_a-int_errno.o)
 .text          0x0000000000008ecc        0x0 /opt/altera/16.0/nios2eds/bin/gnu/H-x86_64-pc-linux-gnu/bin/../lib/gcc/nios2-elf/5.2.0/../../../../../H-x86_64-pc-linux-gnu/nios2-elf/lib/mhw-mulx/libc.a(lib_a-isattyr.o)
 .text._isatty_r
                0x0000000000008ecc       0x54 /opt/altera/16.0/nios2eds/bin/gnu/H-x86_64-pc-linux-gnu/bin/../lib/gcc/nios2-elf/5.2.0/../../../../../H-x86_64-pc-linux-gnu/nios2-elf/lib/mhw-mulx/libc.a(lib_a-isattyr.o)
                0x0000000000008ecc                _isatty_r
 .text          0x0000000000008f20        0x0 /opt/altera/16.0/nios2eds/bin/gnu/H-x86_64-pc-linux-gnu/bin/../lib/gcc/nios2-elf/5.2.0/../../../../../H-x86_64-pc-linux-gnu/nios2-elf/lib/mhw-mulx/libc.a(lib_a-lseekr.o)
 .text._lseek_r
                0x0000000000008f20       0x60 /opt/altera/16.0/nios2eds/bin/gnu/H-x86_64-pc-linux-gnu/bin/../lib/gcc/nios2-elf/5.2.0/../../../../../H-x86_64-pc-linux-gnu/nios2-elf/lib/mhw-mulx/libc.a(lib_a-lseekr.o)
                0x0000000000008f20                _lseek_r
 .text          0x0000000000008f80        0x0 /opt/altera/16.0/nios2eds/bin/gnu/H-x86_64-pc-linux-gnu/bin/../lib/gcc/nios2-elf/5.2.0/../../../../../H-x86_64-pc-linux-gnu/nios2-elf/lib/mhw-mulx/libc.a(lib_a-memmove.o)
 .text.memmove  0x0000000000008f80      0x15c /opt/altera/16.0/nios2eds/bin/gnu/H-x86_64-pc-linux-gnu/bin/../lib/gcc/nios2-elf/5.2.0/../../../../../H-x86_64-pc-linux-gnu/nios2-elf/lib/mhw-mulx/libc.a(lib_a-memmove.o)
                0x0000000000008f80                memmove
 .text          0x00000000000090dc        0x0 /opt/altera/16.0/nios2eds/bin/gnu/H-x86_64-pc-linux-gnu/bin/../lib/gcc/nios2-elf/5.2.0/../../../../../H-x86_64-pc-linux-gnu/nios2-elf/lib/mhw-mulx/libc.a(lib_a-readr.o)
 .text._read_r  0x00000000000090dc       0x60 /opt/altera/16.0/nios2eds/bin/gnu/H-x86_64-pc-linux-gnu/bin/../lib/gcc/nios2-elf/5.2.0/../../../../../H-x86_64-pc-linux-gnu/nios2-elf/lib/mhw-mulx/libc.a(lib_a-readr.o)
                0x00000000000090dc                _read_r
 .text          0x000000000000913c        0x0 /opt/altera/16.0/nios2eds/bin/gnu/H-x86_64-pc-linux-gnu/bin/../lib/gcc/nios2-elf/5.2.0/../../../../../H-x86_64-pc-linux-gnu/nios2-elf/lib/mhw-mulx/libc.a(lib_a-reallocr.o)
 .text._realloc_r
                0x000000000000913c      0x564 /opt/altera/16.0/nios2eds/bin/gnu/H-x86_64-pc-linux-gnu/bin/../lib/gcc/nios2-elf/5.2.0/../../../../../H-x86_64-pc-linux-gnu/nios2-elf/lib/mhw-mulx/libc.a(lib_a-reallocr.o)
                0x000000000000913c                _realloc_r
 .text          0x00000000000096a0        0x0 /opt/altera/16.0/nios2eds/bin/gnu/H-x86_64-pc-linux-gnu/bin/../lib/gcc/nios2-elf/5.2.0/../../../../../H-x86_64-pc-linux-gnu/nios2-elf/lib/mhw-mulx/libc.a(lib_a-wbuf.o)
 .text.__swbuf_r
                0x00000000000096a0      0x140 /opt/altera/16.0/nios2eds/bin/gnu/H-x86_64-pc-linux-gnu/bin/../lib/gcc/nios2-elf/5.2.0/../../../../../H-x86_64-pc-linux-gnu/nios2-elf/lib/mhw-mulx/libc.a(lib_a-wbuf.o)
                0x00000000000096a0                __swbuf_r
 .text.__swbuf  0x00000000000097e0       0x18 /opt/altera/16.0/nios2eds/bin/gnu/H-x86_64-pc-linux-gnu/bin/../lib/gcc/nios2-elf/5.2.0/../../../../../H-x86_64-pc-linux-gnu/nios2-elf/lib/mhw-mulx/libc.a(lib_a-wbuf.o)
                0x00000000000097e0                __swbuf
 .text          0x00000000000097f8        0x0 /opt/altera/16.0/nios2eds/bin/gnu/H-x86_64-pc-linux-gnu/bin/../lib/gcc/nios2-elf/5.2.0/../../../../../H-x86_64-pc-linux-gnu/nios2-elf/lib/mhw-mulx/libc.a(lib_a-wcrtomb.o)
 .text._wcrtomb_r
                0x00000000000097f8       0x9c /opt/altera/16.0/nios2eds/bin/gnu/H-x86_64-pc-linux-gnu/bin/../lib/gcc/nios2-elf/5.2.0/../../../../../H-x86_64-pc-linux-gnu/nios2-elf/lib/mhw-mulx/libc.a(lib_a-wcrtomb.o)
                0x00000000000097f8                _wcrtomb_r
 .text.wcrtomb  0x0000000000009894       0xc0 /opt/altera/16.0/nios2eds/bin/gnu/H-x86_64-pc-linux-gnu/bin/../lib/gcc/nios2-elf/5.2.0/../../../../../H-x86_64-pc-linux-gnu/nios2-elf/lib/mhw-mulx/libc.a(lib_a-wcrtomb.o)
                0x0000000000009894                wcrtomb
 .text          0x0000000000009954        0x0 /opt/altera/16.0/nios2eds/bin/gnu/H-x86_64-pc-linux-gnu/bin/../lib/gcc/nios2-elf/5.2.0/../../../../../H-x86_64-pc-linux-gnu/nios2-elf/lib/mhw-mulx/libc.a(lib_a-wctomb_r.o)
 .text.__ascii_wctomb
                0x0000000000009954       0x30 /opt/altera/16.0/nios2eds/bin/gnu/H-x86_64-pc-linux-gnu/bin/../lib/gcc/nios2-elf/5.2.0/../../../../../H-x86_64-pc-linux-gnu/nios2-elf/lib/mhw-mulx/libc.a(lib_a-wctomb_r.o)
                0x0000000000009954                __ascii_wctomb
 .text._wctomb_r
                0x0000000000009984       0x5c /opt/altera/16.0/nios2eds/bin/gnu/H-x86_64-pc-linux-gnu/bin/../lib/gcc/nios2-elf/5.2.0/../../../../../H-x86_64-pc-linux-gnu/nios2-elf/lib/mhw-mulx/libc.a(lib_a-wctomb_r.o)
                0x0000000000009984                _wctomb_r
 .text          0x00000000000099e0      0x578 /opt/altera/16.0/nios2eds/bin/gnu/H-x86_64-pc-linux-gnu/bin/../lib/gcc/nios2-elf/5.2.0/mhw-mulx/libgcc.a(_udivdi3.o)
                0x00000000000099e0                __udivdi3
 .text          0x0000000000009f58      0x538 /opt/altera/16.0/nios2eds/bin/gnu/H-x86_64-pc-linux-gnu/bin/../lib/gcc/nios2-elf/5.2.0/mhw-mulx/libgcc.a(_umoddi3.o)
                0x0000000000009f58                __umoddi3
 .text          0x000000000000a490      0x1b4 /opt/altera/16.0/nios2eds/bin/gnu/H-x86_64-pc-linux-gnu/bin/../lib/gcc/nios2-elf/5.2.0/mhw-mulx/libgcc.a(lib2-divmod.o)
                0x000000000000a490                __divsi3
                0x000000000000a514                __modsi3
                0x000000000000a588                __udivsi3
                0x000000000000a5ec                __umodsi3
 .text          0x000000000000a644      0x8ac /opt/altera/16.0/nios2eds/bin/gnu/H-x86_64-pc-linux-gnu/bin/../lib/gcc/nios2-elf/5.2.0/mhw-mulx/libgcc.a(adddf3.o)
                0x000000000000a644                __adddf3
 .text          0x000000000000aef0      0x8e8 /opt/altera/16.0/nios2eds/bin/gnu/H-x86_64-pc-linux-gnu/bin/../lib/gcc/nios2-elf/5.2.0/mhw-mulx/libgcc.a(divdf3.o)
                0x000000000000aef0                __divdf3
 .text          0x000000000000b7d8       0x88 /opt/altera/16.0/nios2eds/bin/gnu/H-x86_64-pc-linux-gnu/bin/../lib/gcc/nios2-elf/5.2.0/mhw-mulx/libgcc.a(eqdf2.o)
                0x000000000000b7d8                __eqdf2
                0x000000000000b7d8                __nedf2
 .text          0x000000000000b860       0xdc /opt/altera/16.0/nios2eds/bin/gnu/H-x86_64-pc-linux-gnu/bin/../lib/gcc/nios2-elf/5.2.0/mhw-mulx/libgcc.a(gedf2.o)
                0x000000000000b860                __gtdf2
                0x000000000000b860                __gedf2
 .text          0x000000000000b93c       0xf4 /opt/altera/16.0/nios2eds/bin/gnu/H-x86_64-pc-linux-gnu/bin/../lib/gcc/nios2-elf/5.2.0/mhw-mulx/libgcc.a(ledf2.o)
                0x000000000000b93c                __ltdf2
                0x000000000000b93c                __ledf2
 .text          0x000000000000ba30      0x718 /opt/altera/16.0/nios2eds/bin/gnu/H-x86_64-pc-linux-gnu/bin/../lib/gcc/nios2-elf/5.2.0/mhw-mulx/libgcc.a(muldf3.o)
                0x000000000000ba30                __muldf3
 .text          0x000000000000c148      0x8fc /opt/altera/16.0/nios2eds/bin/gnu/H-x86_64-pc-linux-gnu/bin/../lib/gcc/nios2-elf/5.2.0/mhw-mulx/libgcc.a(subdf3.o)
                0x000000000000c148                __subdf3
 .text          0x000000000000ca44       0x80 /opt/altera/16.0/nios2eds/bin/gnu/H-x86_64-pc-linux-gnu/bin/../lib/gcc/nios2-elf/5.2.0/mhw-mulx/libgcc.a(fixdfsi.o)
                0x000000000000ca44                __fixdfsi
 .text          0x000000000000cac4       0xdc /opt/altera/16.0/nios2eds/bin/gnu/H-x86_64-pc-linux-gnu/bin/../lib/gcc/nios2-elf/5.2.0/mhw-mulx/libgcc.a(floatsidf.o)
                0x000000000000cac4                __floatsidf
 .text          0x000000000000cba0       0xa8 /opt/altera/16.0/nios2eds/bin/gnu/H-x86_64-pc-linux-gnu/bin/../lib/gcc/nios2-elf/5.2.0/mhw-mulx/libgcc.a(floatunsidf.o)
                0x000000000000cba0                __floatunsidf
 .text          0x000000000000cc48        0x0 /opt/altera/16.0/nios2eds/bin/gnu/H-x86_64-pc-linux-gnu/bin/../lib/gcc/nios2-elf/5.2.0/mhw-mulx/libgcc.a(_clz.o)
 .text          0x000000000000cc48       0x64 /opt/altera/16.0/nios2eds/bin/gnu/H-x86_64-pc-linux-gnu/bin/../lib/gcc/nios2-elf/5.2.0/mhw-mulx/libgcc.a(_clzsi2.o)
                0x000000000000cc48                __clzsi2
 .text          0x000000000000ccac      0x120 /home/cat/School/camkys_bsp//libucosii_bsp.a(alt_close.o)
                0x000000000000ccfc                close
 .text          0x000000000000cdcc       0x2c /home/cat/School/camkys_bsp//libucosii_bsp.a(alt_dev.o)
 .text          0x000000000000cdf8        0x0 /home/cat/School/camkys_bsp//libucosii_bsp.a(alt_errno.o)
 .text          0x000000000000cdf8      0x100 /home/cat/School/camkys_bsp//libucosii_bsp.a(alt_fstat.o)
                0x000000000000ce48                fstat
 .text          0x000000000000cef8       0xf4 /home/cat/School/camkys_bsp//libucosii_bsp.a(alt_isatty.o)
                0x000000000000cf48                isatty
 .text          0x000000000000cfec       0xec /home/cat/School/camkys_bsp//libucosii_bsp.a(alt_load.o)
                0x000000000000d054                alt_load
 .text          0x000000000000d0d8      0x124 /home/cat/School/camkys_bsp//libucosii_bsp.a(alt_lseek.o)
                0x000000000000d128                lseek
 .text          0x000000000000d1fc       0xd8 /home/cat/School/camkys_bsp//libucosii_bsp.a(alt_main.o)
                0x000000000000d1fc                alt_main
 .text          0x000000000000d2d4      0x14c /home/cat/School/camkys_bsp//libucosii_bsp.a(alt_read.o)
                0x000000000000d324                read
 .text          0x000000000000d420       0x64 /home/cat/School/camkys_bsp//libucosii_bsp.a(alt_release_fd.o)
                0x000000000000d420                alt_release_fd
 .text          0x000000000000d484       0xb0 /home/cat/School/camkys_bsp//libucosii_bsp.a(alt_sbrk.o)
                0x000000000000d484                sbrk
 .text          0x000000000000d534      0x148 /home/cat/School/camkys_bsp//libucosii_bsp.a(alt_write.o)
                0x000000000000d584                write
 .text          0x000000000000d67c      0x13c /home/cat/School/camkys_bsp//libucosii_bsp.a(alt_env_lock.o)
                0x000000000000d67c                __env_lock
                0x000000000000d750                __env_unlock
 .text          0x000000000000d7b8      0x214 /home/cat/School/camkys_bsp//libucosii_bsp.a(alt_malloc_lock.o)
                0x000000000000d7b8                __malloc_lock
                0x000000000000d8f0                __malloc_unlock
 .text          0x000000000000d9cc     0x2538 /home/cat/School/camkys_bsp//libucosii_bsp.a(os_core.o)
                0x000000000000d9cc                OSEventNameGet
                0x000000000000daf4                OSEventNameSet
                0x000000000000dc3c                OSEventPendMulti
                0x000000000000e2dc                OSInit
                0x000000000000e334                OSIntEnter
                0x000000000000e3d8                OSIntExit
                0x000000000000e53c                OSSchedLock
                0x000000000000e5f4                OSSchedUnlock
                0x000000000000e704                OSStart
                0x000000000000e7ac                OSStatInit
                0x000000000000e87c                OSTimeTick
                0x000000000000eaf0                OSVersion
                0x000000000000eb10                OS_Dummy
                0x000000000000eb30                OS_EventTaskRdy
                0x000000000000ece4                OS_EventTaskWait
                0x000000000000ee54                OS_EventTaskWaitMulti
                0x000000000000f00c                OS_EventTaskRemove
                0x000000000000f0c4                OS_EventTaskRemoveMulti
                0x000000000000f1c4                OS_EventWaitListInit
                0x000000000000f638                OS_MemClr
                0x000000000000f68c                OS_MemCopy
                0x000000000000f6f4                OS_Sched
                0x000000000000f898                OS_StrCopy
                0x000000000000f90c                OS_StrLen
                0x000000000000f960                OS_TaskIdle
                0x000000000000f9cc                OS_TaskStat
                0x000000000000fb04                OS_TaskStatStkChk
                0x000000000000fbd0                OS_TCBInit
 .text          0x000000000000ff04      0x190 /home/cat/School/camkys_bsp//libucosii_bsp.a(os_dbg.o)
                0x000000000000ff04                OSDebugInit
 .text          0x0000000000010094     0x1858 /home/cat/School/camkys_bsp//libucosii_bsp.a(os_flag.o)
                0x0000000000010094                OSFlagAccept
                0x000000000001039c                OSFlagCreate
                0x00000000000104c4                OSFlagDel
                0x0000000000010734                OSFlagNameGet
                0x0000000000010864                OSFlagNameSet
                0x00000000000109b8                OSFlagPend
                0x0000000000010fc8                OSFlagPendGetFlagsRdy
                0x0000000000011030                OSFlagPost
                0x00000000000113c4                OSFlagQuery
                0x0000000000011650                OS_FlagInit
                0x0000000000011848                OS_FlagUnlink
 .text          0x00000000000118ec      0x78c /home/cat/School/camkys_bsp//libucosii_bsp.a(os_mem.o)
                0x00000000000118ec                OSMemCreate
                0x0000000000011ae0                OSMemGet
                0x0000000000011bd0                OSMemNameGet
                0x0000000000011cc8                OSMemNameSet
                0x0000000000011de4                OSMemPut
                0x0000000000011ebc                OSMemQuery
                0x0000000000011fa4                OS_MemInit
 .text          0x0000000000012078     0x1214 /home/cat/School/camkys_bsp//libucosii_bsp.a(os_q.o)
                0x0000000000012078                OSQAccept
                0x00000000000121b8                OSQCreate
                0x00000000000123b4                OSQDel
                0x000000000001267c                OSQFlush
                0x0000000000012734                OSQPend
                0x0000000000012a30                OSQPendAbort
                0x0000000000012b9c                OSQPost
                0x0000000000012d04                OSQPostFront
                0x0000000000012e74                OSQPostOpt
                0x0000000000013080                OSQQuery
                0x00000000000131dc                OS_QInit
 .text          0x000000000001328c      0xb10 /home/cat/School/camkys_bsp//libucosii_bsp.a(os_sem.o)
                0x000000000001328c                OSSemAccept
                0x000000000001333c                OSSemCreate
                0x000000000001343c                OSSemDel
                0x00000000000136a4                OSSemPend
                0x0000000000013910                OSSemPendAbort
                0x0000000000013a7c                OSSemPost
                0x0000000000013b8c                OSSemQuery
                0x0000000000013c9c                OSSemSet
 .text          0x0000000000013d9c     0x1904 /home/cat/School/camkys_bsp//libucosii_bsp.a(os_task.o)
                0x0000000000013d9c                OSTaskChangePrio
                0x00000000000142dc                OSTaskCreate
                0x0000000000014498                OSTaskCreateExt
                0x000000000001468c                OSTaskDel
                0x0000000000014a6c                OSTaskDelReq
                0x0000000000014bc4                OSTaskNameGet
                0x0000000000014d6c                OSTaskNameSet
                0x0000000000014f30                OSTaskResume
                0x0000000000015128                OSTaskStkChk
                0x00000000000152f0                OSTaskSuspend
                0x0000000000015504                OSTaskQuery
                0x0000000000015630                OS_TaskStkClr
 .text          0x00000000000156a0      0x570 /home/cat/School/camkys_bsp//libucosii_bsp.a(os_time.o)
                0x00000000000156a0                OSTimeDly
                0x00000000000157ec                OSTimeDlyHMSM
                0x0000000000015954                OSTimeDlyResume
                0x0000000000015b44                OSTimeGet
                0x0000000000015ba8                OSTimeSet
 .text          0x0000000000015c10      0x394 /home/cat/School/camkys_bsp//libucosii_bsp.a(alt_sys_init.o)
                0x0000000000015c48                alt_irq_init
                0x0000000000015c80                alt_sys_init
 .text          0x0000000000015fa4      0x164 /home/cat/School/camkys_bsp//libucosii_bsp.a(altera_avalon_jtag_uart_fd.o)
                0x0000000000015fa4                altera_avalon_jtag_uart_read_fd
                0x0000000000016004                altera_avalon_jtag_uart_write_fd
                0x0000000000016064                altera_avalon_jtag_uart_close_fd
                0x00000000000160b4                altera_avalon_jtag_uart_ioctl_fd
 .text          0x0000000000016108      0x578 /home/cat/School/camkys_bsp//libucosii_bsp.a(altera_avalon_jtag_uart_init.o)
                0x0000000000016108                altera_avalon_jtag_uart_init
                0x0000000000016618                altera_avalon_jtag_uart_close
 .text          0x0000000000016680       0xf0 /home/cat/School/camkys_bsp//libucosii_bsp.a(altera_avalon_jtag_uart_ioctl.o)
                0x0000000000016680                altera_avalon_jtag_uart_ioctl
 .text          0x0000000000016770      0x2cc /home/cat/School/camkys_bsp//libucosii_bsp.a(altera_avalon_jtag_uart_read.o)
                0x0000000000016770                altera_avalon_jtag_uart_read
 .text          0x0000000000016a3c      0x2d4 /home/cat/School/camkys_bsp//libucosii_bsp.a(altera_avalon_jtag_uart_write.o)
                0x0000000000016a3c                altera_avalon_jtag_uart_write
 .text          0x0000000000016d10      0x100 /home/cat/School/camkys_bsp//libucosii_bsp.a(altera_avalon_timer_sc.o)
                0x0000000000016d8c                alt_avalon_timer_sc_init
 .text          0x0000000000016e10      0x4f8 /home/cat/School/camkys_bsp//libucosii_bsp.a(altera_up_avalon_character_lcd.o)
                0x0000000000016e10                get_DDRAM_addr
                0x0000000000016e84                alt_up_character_lcd_send_cmd
                0x0000000000016ec4                alt_up_character_lcd_init
                0x0000000000016efc                alt_up_character_lcd_open_dev
                0x0000000000016f3c                alt_up_character_lcd_write
                0x0000000000016fb8                alt_up_character_lcd_string
                0x0000000000017030                alt_up_character_lcd_write_fd
                0x0000000000017080                alt_up_character_lcd_set_cursor_pos
                0x00000000000170f4                alt_up_character_lcd_shift_cursor
                0x0000000000017180                alt_up_character_lcd_shift_display
                0x000000000001720c                alt_up_character_lcd_erase_pos
                0x0000000000017298                alt_up_character_lcd_cursor_off
                0x00000000000172d0                alt_up_character_lcd_cursor_blink_on
 .text          0x0000000000017308      0x390 /home/cat/School/camkys_bsp//libucosii_bsp.a(altera_up_avalon_irda.o)
                0x0000000000017308                alt_up_irda_enable_read_interrupt
                0x0000000000017364                alt_up_irda_disable_read_interrupt
                0x00000000000173c4                alt_up_irda_get_used_space_in_read_FIFO
                0x0000000000017404                alt_up_irda_get_available_space_in_write_FIFO
                0x0000000000017440                alt_up_irda_check_parity
                0x0000000000017484                alt_up_irda_write_data
                0x00000000000174c4                alt_up_irda_read_data
                0x0000000000017538                alt_up_irda_read_fd
                0x00000000000175c8                alt_up_irda_write_fd
                0x0000000000017658                alt_up_irda_open_dev
 .text          0x0000000000017698      0x6b4 /home/cat/School/camkys_bsp//libucosii_bsp.a(altera_up_avalon_ps2.o)
                0x0000000000017698                read_RI_bit
                0x00000000000176cc                read_RE_bit
                0x00000000000176fc                read_CE_bit
                0x0000000000017730                read_num_bytes_available
                0x0000000000017760                read_data_valid
                0x0000000000017794                read_data_byte
                0x00000000000177c0                alt_up_ps2_init
                0x0000000000017888                alt_up_ps2_enable_read_interrupt
                0x00000000000178e4                alt_up_ps2_disable_read_interrupt
                0x0000000000017944                alt_up_ps2_write_data_byte
                0x00000000000179b8                alt_up_ps2_wait_for_ack
                0x0000000000017a20                alt_up_ps2_write_data_byte_with_ack
                0x0000000000017a84                alt_up_ps2_read_data_byte_timeout
                0x0000000000017b20                alt_up_ps2_read_data_byte
                0x0000000000017b90                alt_up_ps2_clear_fifo
                0x0000000000017be8                alt_up_ps2_read_fd
                0x0000000000017c74                alt_up_ps2_write_fd
                0x0000000000017d0c                alt_up_ps2_open_dev
 .text          0x0000000000017d4c      0x394 /home/cat/School/camkys_bsp//libucosii_bsp.a(altera_up_avalon_rs232.o)
                0x0000000000017d4c                alt_up_rs232_enable_read_interrupt
                0x0000000000017da8                alt_up_rs232_disable_read_interrupt
                0x0000000000017e08                alt_up_rs232_get_used_space_in_read_FIFO
                0x0000000000017e48                alt_up_rs232_get_available_space_in_write_FIFO
                0x0000000000017e84                alt_up_rs232_check_parity
                0x0000000000017ec8                alt_up_rs232_write_data
                0x0000000000017f08                alt_up_rs232_read_data
                0x0000000000017f7c                alt_up_rs232_read_fd
                0x000000000001800c                alt_up_rs232_write_fd
                0x00000000000180a0                alt_up_rs232_open_dev
 .text          0x00000000000180e0      0x140 /home/cat/School/camkys_bsp//libucosii_bsp.a(alt_alarm_start.o)
                0x00000000000180e0                alt_alarm_start
 .text          0x0000000000018220       0x20 /home/cat/School/camkys_bsp//libucosii_bsp.a(alt_dcache_flush_all.o)
                0x0000000000018220                alt_dcache_flush_all
 .text          0x0000000000018240       0xf4 /home/cat/School/camkys_bsp//libucosii_bsp.a(alt_dev_llist_insert.o)
                0x0000000000018290                alt_dev_llist_insert
 .text          0x0000000000018334       0x60 /home/cat/School/camkys_bsp//libucosii_bsp.a(alt_do_ctors.o)
                0x0000000000018334                _do_ctors
 .text          0x0000000000018394       0x60 /home/cat/School/camkys_bsp//libucosii_bsp.a(alt_do_dtors.o)
                0x0000000000018394                _do_dtors
 .text          0x00000000000183f4       0x90 /home/cat/School/camkys_bsp//libucosii_bsp.a(alt_find_dev.o)
                0x00000000000183f4                alt_find_dev
 .text          0x0000000000018484       0x34 /home/cat/School/camkys_bsp//libucosii_bsp.a(alt_icache_flush_all.o)
                0x0000000000018484                alt_icache_flush_all
 .text          0x00000000000184b8      0x140 /home/cat/School/camkys_bsp//libucosii_bsp.a(alt_io_redirect.o)
                0x000000000001857c                alt_io_redirect
 .text          0x00000000000185f8      0x1b0 /home/cat/School/camkys_bsp//libucosii_bsp.a(alt_irq_register.o)
                0x00000000000185f8                alt_irq_register
 .text          0x00000000000187a8        0x0 /home/cat/School/camkys_bsp//libucosii_bsp.a(alt_irq_vars.o)
 .text          0x00000000000187a8      0x274 /home/cat/School/camkys_bsp//libucosii_bsp.a(alt_open.o)
                0x00000000000188c4                open
 .text          0x0000000000018a1c      0x1a4 /home/cat/School/camkys_bsp//libucosii_bsp.a(alt_tick.o)
                0x0000000000018a1c                alt_alarm_stop
                0x0000000000018ab8                alt_tick
 .text          0x0000000000018bc0       0x24 /home/cat/School/camkys_bsp//libucosii_bsp.a(altera_nios2_gen2_irq.o)
                0x0000000000018bc0                altera_nios2_gen2_irq_init
 .text          0x0000000000018be4       0xd0 /home/cat/School/camkys_bsp//libucosii_bsp.a(os_cpu_a.o)
                0x0000000000018be4                OSCtxSw
                0x0000000000018be4                OSIntCtxSw
                0x0000000000018c70                OSStartHighRdy
                0x0000000000018c90                OSStartTsk
 .text          0x0000000000018cb4      0x288 /home/cat/School/camkys_bsp//libucosii_bsp.a(os_cpu_c.o)
                0x0000000000018cb4                OSTaskStkInit
                0x0000000000018e10                OSTaskCreateHook
                0x0000000000018e34                OSTaskDelHook
                0x0000000000018e58                OSTaskSwHook
                0x0000000000018e78                OSTaskStatHook
                0x0000000000018e98                OSTimeTickHook
                0x0000000000018eb8                OSInitHookBegin
                0x0000000000018ed8                OSInitHookEnd
                0x0000000000018ef8                OSTaskIdleHook
                0x0000000000018f18                OSTCBInitHook
 .text          0x0000000000018f3c      0x114 /home/cat/School/camkys_bsp//libucosii_bsp.a(alt_find_file.o)
                0x0000000000018f3c                alt_find_file
 .text          0x0000000000019050       0xfc /home/cat/School/camkys_bsp//libucosii_bsp.a(alt_get_fd.o)
                0x0000000000019050                alt_get_fd
 .text          0x000000000001914c       0x90 /home/cat/School/camkys_bsp//libucosii_bsp.a(alt_icache_flush.o)
                0x000000000001914c                alt_icache_flush
 .text          0x00000000000191dc        0x0 /home/cat/School/camkys_bsp//libucosii_bsp.a(alt_irq_entry.o)
 .text          0x00000000000191dc        0x0 /home/cat/School/camkys_bsp//libucosii_bsp.a(alt_irq_handler.o)
 .text          0x00000000000191dc        0x0 /home/cat/School/camkys_bsp//libucosii_bsp.a(alt_exception_entry.o)
 .text          0x00000000000191dc       0x9c /home/cat/School/camkys_bsp//libucosii_bsp.a(alt_instruction_exception_entry.o)
                0x00000000000191dc                alt_exception_cause_generated_bad_addr
 .text          0x0000000000019278        0x0 /opt/altera/16.0/nios2eds/bin/gnu/H-x86_64-pc-linux-gnu/bin/../lib/gcc/nios2-elf/5.2.0/../../../../../H-x86_64-pc-linux-gnu/nios2-elf/lib/mhw-mulx/libc.a(lib_a-atexit.o)
 .text.atexit   0x0000000000019278       0x14 /opt/altera/16.0/nios2eds/bin/gnu/H-x86_64-pc-linux-gnu/bin/../lib/gcc/nios2-elf/5.2.0/../../../../../H-x86_64-pc-linux-gnu/nios2-elf/lib/mhw-mulx/libc.a(lib_a-atexit.o)
                0x0000000000019278                atexit
 .text          0x000000000001928c        0x0 /opt/altera/16.0/nios2eds/bin/gnu/H-x86_64-pc-linux-gnu/bin/../lib/gcc/nios2-elf/5.2.0/../../../../../H-x86_64-pc-linux-gnu/nios2-elf/lib/mhw-mulx/libc.a(lib_a-exit.o)
 .text.exit     0x000000000001928c       0x38 /opt/altera/16.0/nios2eds/bin/gnu/H-x86_64-pc-linux-gnu/bin/../lib/gcc/nios2-elf/5.2.0/../../../../../H-x86_64-pc-linux-gnu/nios2-elf/lib/mhw-mulx/libc.a(lib_a-exit.o)
                0x000000000001928c                exit
 .text          0x00000000000192c4        0x0 /opt/altera/16.0/nios2eds/bin/gnu/H-x86_64-pc-linux-gnu/bin/../lib/gcc/nios2-elf/5.2.0/../../../../../H-x86_64-pc-linux-gnu/nios2-elf/lib/mhw-mulx/libc.a(lib_a-memcmp.o)
 .text.memcmp   0x00000000000192c4       0x7c /opt/altera/16.0/nios2eds/bin/gnu/H-x86_64-pc-linux-gnu/bin/../lib/gcc/nios2-elf/5.2.0/../../../../../H-x86_64-pc-linux-gnu/nios2-elf/lib/mhw-mulx/libc.a(lib_a-memcmp.o)
                0x00000000000192c4                memcmp
 .text          0x0000000000019340        0x0 /opt/altera/16.0/nios2eds/bin/gnu/H-x86_64-pc-linux-gnu/bin/../lib/gcc/nios2-elf/5.2.0/../../../../../H-x86_64-pc-linux-gnu/nios2-elf/lib/mhw-mulx/libc.a(lib_a-__atexit.o)
 .text.__register_exitproc
                0x0000000000019340      0x118 /opt/altera/16.0/nios2eds/bin/gnu/H-x86_64-pc-linux-gnu/bin/../lib/gcc/nios2-elf/5.2.0/../../../../../H-x86_64-pc-linux-gnu/nios2-elf/lib/mhw-mulx/libc.a(lib_a-__atexit.o)
                0x0000000000019340                __register_exitproc
 .text          0x0000000000019458        0x0 /opt/altera/16.0/nios2eds/bin/gnu/H-x86_64-pc-linux-gnu/bin/../lib/gcc/nios2-elf/5.2.0/../../../../../H-x86_64-pc-linux-gnu/nios2-elf/lib/mhw-mulx/libc.a(lib_a-__call_atexit.o)
 .text.__call_exitprocs
                0x0000000000019458      0x180 /opt/altera/16.0/nios2eds/bin/gnu/H-x86_64-pc-linux-gnu/bin/../lib/gcc/nios2-elf/5.2.0/../../../../../H-x86_64-pc-linux-gnu/nios2-elf/lib/mhw-mulx/libc.a(lib_a-__call_atexit.o)
                0x0000000000019458                __call_exitprocs
 .text          0x00000000000195d8       0x3c /home/cat/School/camkys_bsp//libucosii_bsp.a(alt_exit.o)
                0x00000000000195d8                _exit
 *(.gnu.warning.*)
 *(.fini)
                [!provide]                        PROVIDE (__etext, ABSOLUTE (.))
                [!provide]                        PROVIDE (_etext, ABSOLUTE (.))
                [!provide]                        PROVIDE (etext, ABSOLUTE (.))
 *(.eh_frame_hdr)
                0x0000000000019614                . = ALIGN (0x4)
                [!provide]                        PROVIDE (__preinit_array_start, ABSOLUTE (.))
 *(.preinit_array)
                [!provide]                        PROVIDE (__preinit_array_end, ABSOLUTE (.))
                [!provide]                        PROVIDE (__init_array_start, ABSOLUTE (.))
 *(.init_array)
                [!provide]                        PROVIDE (__init_array_end, ABSOLUTE (.))
                [!provide]                        PROVIDE (__fini_array_start, ABSOLUTE (.))
 *(.fini_array)
                [!provide]                        PROVIDE (__fini_array_end, ABSOLUTE (.))
 *(.eh_frame)
 *(.gcc_except_table .gcc_except_table.*)
 *(.dynamic)
                0x0000000000019614                PROVIDE (__CTOR_LIST__, ABSOLUTE (.))
 *(.ctors)
 *(SORT(.ctors.*))
                0x0000000000019614                PROVIDE (__CTOR_END__, ABSOLUTE (.))
                0x0000000000019614                PROVIDE (__DTOR_LIST__, ABSOLUTE (.))
 *(.dtors)
 *(SORT(.dtors.*))
                0x0000000000019614                PROVIDE (__DTOR_END__, ABSOLUTE (.))
 *(.jcr)
                0x0000000000019614                . = ALIGN (0x4)

.rodata         0x0000000000019614      0x57c
                0x0000000000019614                PROVIDE (__ram_rodata_start, ABSOLUTE (.))
                0x0000000000019614                . = ALIGN (0x4)
 *(.rodata .rodata.* .gnu.linkonce.r.*)
 .rodata        0x0000000000019614       0x1d obj/default/hello_ucosii.o
 *fill*         0x0000000000019631        0x3 
 .rodata.str1.4
                0x0000000000019634       0x42 /opt/altera/16.0/nios2eds/bin/gnu/H-x86_64-pc-linux-gnu/bin/../lib/gcc/nios2-elf/5.2.0/../../../../../H-x86_64-pc-linux-gnu/nios2-elf/lib/mhw-mulx/libc.a(lib_a-vfprintf.o)
 .rodata.zeroes.4404
                0x0000000000019676       0x10 /opt/altera/16.0/nios2eds/bin/gnu/H-x86_64-pc-linux-gnu/bin/../lib/gcc/nios2-elf/5.2.0/../../../../../H-x86_64-pc-linux-gnu/nios2-elf/lib/mhw-mulx/libc.a(lib_a-vfprintf.o)
 .rodata.blanks.4403
                0x0000000000019686       0x10 /opt/altera/16.0/nios2eds/bin/gnu/H-x86_64-pc-linux-gnu/bin/../lib/gcc/nios2-elf/5.2.0/../../../../../H-x86_64-pc-linux-gnu/nios2-elf/lib/mhw-mulx/libc.a(lib_a-vfprintf.o)
 *fill*         0x0000000000019696        0x2 
 .rodata.str1.4
                0x0000000000019698       0x10 /opt/altera/16.0/nios2eds/bin/gnu/H-x86_64-pc-linux-gnu/bin/../lib/gcc/nios2-elf/5.2.0/../../../../../H-x86_64-pc-linux-gnu/nios2-elf/lib/mhw-mulx/libc.a(lib_a-dtoa.o)
                                         0x12 (size before relaxing)
 .rodata.str1.4
                0x00000000000196a8        0x2 /opt/altera/16.0/nios2eds/bin/gnu/H-x86_64-pc-linux-gnu/bin/../lib/gcc/nios2-elf/5.2.0/../../../../../H-x86_64-pc-linux-gnu/nios2-elf/lib/mhw-mulx/libc.a(lib_a-impure.o)
 *fill*         0x00000000000196aa        0x2 
 .rodata.str1.4
                0x00000000000196ac        0xc /opt/altera/16.0/nios2eds/bin/gnu/H-x86_64-pc-linux-gnu/bin/../lib/gcc/nios2-elf/5.2.0/../../../../../H-x86_64-pc-linux-gnu/nios2-elf/lib/mhw-mulx/libc.a(lib_a-locale.o)
                                         0x12 (size before relaxing)
 .rodata.p05.2768
                0x00000000000196b8        0xc /opt/altera/16.0/nios2eds/bin/gnu/H-x86_64-pc-linux-gnu/bin/../lib/gcc/nios2-elf/5.2.0/../../../../../H-x86_64-pc-linux-gnu/nios2-elf/lib/mhw-mulx/libc.a(lib_a-mprec.o)
 .rodata.__mprec_tinytens
                0x00000000000196c4       0x28 /opt/altera/16.0/nios2eds/bin/gnu/H-x86_64-pc-linux-gnu/bin/../lib/gcc/nios2-elf/5.2.0/../../../../../H-x86_64-pc-linux-gnu/nios2-elf/lib/mhw-mulx/libc.a(lib_a-mprec.o)
                0x00000000000196c4                __mprec_tinytens
 .rodata.__mprec_bigtens
                0x00000000000196ec       0x28 /opt/altera/16.0/nios2eds/bin/gnu/H-x86_64-pc-linux-gnu/bin/../lib/gcc/nios2-elf/5.2.0/../../../../../H-x86_64-pc-linux-gnu/nios2-elf/lib/mhw-mulx/libc.a(lib_a-mprec.o)
                0x00000000000196ec                __mprec_bigtens
 .rodata.__mprec_tens
                0x0000000000019714       0xc8 /opt/altera/16.0/nios2eds/bin/gnu/H-x86_64-pc-linux-gnu/bin/../lib/gcc/nios2-elf/5.2.0/../../../../../H-x86_64-pc-linux-gnu/nios2-elf/lib/mhw-mulx/libc.a(lib_a-mprec.o)
                0x0000000000019714                __mprec_tens
 .rodata.str1.4
                0x00000000000197dc       0x2f /opt/altera/16.0/nios2eds/bin/gnu/H-x86_64-pc-linux-gnu/bin/../lib/gcc/nios2-elf/5.2.0/../../../../../H-x86_64-pc-linux-gnu/nios2-elf/lib/mhw-mulx/libc.a(lib_a-vfiprintf.o)
 .rodata.zeroes.4349
                0x00000000000197dc       0x10 /opt/altera/16.0/nios2eds/bin/gnu/H-x86_64-pc-linux-gnu/bin/../lib/gcc/nios2-elf/5.2.0/../../../../../H-x86_64-pc-linux-gnu/nios2-elf/lib/mhw-mulx/libc.a(lib_a-vfiprintf.o)
 .rodata.blanks.4348
                0x00000000000197ec       0x10 /opt/altera/16.0/nios2eds/bin/gnu/H-x86_64-pc-linux-gnu/bin/../lib/gcc/nios2-elf/5.2.0/../../../../../H-x86_64-pc-linux-gnu/nios2-elf/lib/mhw-mulx/libc.a(lib_a-vfiprintf.o)
 .rodata        0x00000000000197fc      0x100 /opt/altera/16.0/nios2eds/bin/gnu/H-x86_64-pc-linux-gnu/bin/../lib/gcc/nios2-elf/5.2.0/mhw-mulx/libgcc.a(_clz.o)
                0x00000000000197fc                __clz_tab
 .rodata        0x00000000000198fc        0xa /home/cat/School/camkys_bsp//libucosii_bsp.a(alt_dev.o)
 *fill*         0x0000000000019906        0x2 
 .rodata        0x0000000000019908        0xf /home/cat/School/camkys_bsp//libucosii_bsp.a(alt_main.o)
 *fill*         0x0000000000019917        0x1 
 .rodata        0x0000000000019918      0x11e /home/cat/School/camkys_bsp//libucosii_bsp.a(os_core.o)
                0x0000000000019918                OSUnMapTbl
 *fill*         0x0000000000019a36        0x2 
 .rodata        0x0000000000019a38      0x151 /home/cat/School/camkys_bsp//libucosii_bsp.a(alt_sys_init.o)
 *fill*         0x0000000000019b89        0x3 
 .rodata        0x0000000000019b8c        0x2 /home/cat/School/camkys_bsp//libucosii_bsp.a(os_cpu_c.o)
 *(.rodata1)
                0x0000000000019b90                . = ALIGN (0x4)
 *fill*         0x0000000000019b8e        0x2 
                0x0000000000019b90                PROVIDE (__ram_rodata_end, ABSOLUTE (.))
                0x0000000000019614                PROVIDE (__flash_rodata_start, LOADADDR (.rodata))

.rwdata         0x0000000000019b90     0x1ec0 load address 0x000000000001ba50
                0x0000000000019b90                PROVIDE (__ram_rwdata_start, ABSOLUTE (.))
                0x0000000000019b90                . = ALIGN (0x4)
 *(.got.plt)
 *(.got)
 *(.data1)
 *(.data .data.* .gnu.linkonce.d.*)
 .data          0x0000000000019b90        0x0 /home/cat/School/camkys_bsp//obj/HAL/src/crt0.o
 .data          0x0000000000019b90       0x10 obj/default/hello_ucosii.o
                0x0000000000019b90                seven_seg_decode_table
 .data          0x0000000000019ba0        0x0 /opt/altera/16.0/nios2eds/bin/gnu/H-x86_64-pc-linux-gnu/bin/../lib/gcc/nios2-elf/5.2.0/../../../../../H-x86_64-pc-linux-gnu/nios2-elf/lib/mhw-mulx/libc.a(lib_a-printf.o)
 .data          0x0000000000019ba0        0x0 /opt/altera/16.0/nios2eds/bin/gnu/H-x86_64-pc-linux-gnu/bin/../lib/gcc/nios2-elf/5.2.0/../../../../../H-x86_64-pc-linux-gnu/nios2-elf/lib/mhw-mulx/libc.a(lib_a-vfprintf.o)
 .data          0x0000000000019ba0        0x0 /opt/altera/16.0/nios2eds/bin/gnu/H-x86_64-pc-linux-gnu/bin/../lib/gcc/nios2-elf/5.2.0/../../../../../H-x86_64-pc-linux-gnu/nios2-elf/lib/mhw-mulx/libc.a(lib_a-wsetup.o)
 .data          0x0000000000019ba0        0x0 /opt/altera/16.0/nios2eds/bin/gnu/H-x86_64-pc-linux-gnu/bin/../lib/gcc/nios2-elf/5.2.0/../../../../../H-x86_64-pc-linux-gnu/nios2-elf/lib/mhw-mulx/libc.a(lib_a-dtoa.o)
 .data          0x0000000000019ba0        0x0 /opt/altera/16.0/nios2eds/bin/gnu/H-x86_64-pc-linux-gnu/bin/../lib/gcc/nios2-elf/5.2.0/../../../../../H-x86_64-pc-linux-gnu/nios2-elf/lib/mhw-mulx/libc.a(lib_a-fflush.o)
 .data          0x0000000000019ba0        0x0 /opt/altera/16.0/nios2eds/bin/gnu/H-x86_64-pc-linux-gnu/bin/../lib/gcc/nios2-elf/5.2.0/../../../../../H-x86_64-pc-linux-gnu/nios2-elf/lib/mhw-mulx/libc.a(lib_a-findfp.o)
 .data          0x0000000000019ba0        0x0 /opt/altera/16.0/nios2eds/bin/gnu/H-x86_64-pc-linux-gnu/bin/../lib/gcc/nios2-elf/5.2.0/../../../../../H-x86_64-pc-linux-gnu/nios2-elf/lib/mhw-mulx/libc.a(lib_a-freer.o)
 .data          0x0000000000019ba0        0x0 /opt/altera/16.0/nios2eds/bin/gnu/H-x86_64-pc-linux-gnu/bin/../lib/gcc/nios2-elf/5.2.0/../../../../../H-x86_64-pc-linux-gnu/nios2-elf/lib/mhw-mulx/libc.a(lib_a-fwalk.o)
 .data          0x0000000000019ba0        0x0 /opt/altera/16.0/nios2eds/bin/gnu/H-x86_64-pc-linux-gnu/bin/../lib/gcc/nios2-elf/5.2.0/../../../../../H-x86_64-pc-linux-gnu/nios2-elf/lib/mhw-mulx/libc.a(lib_a-impure.o)
 .data.impure_data
                0x0000000000019ba0      0x424 /opt/altera/16.0/nios2eds/bin/gnu/H-x86_64-pc-linux-gnu/bin/../lib/gcc/nios2-elf/5.2.0/../../../../../H-x86_64-pc-linux-gnu/nios2-elf/lib/mhw-mulx/libc.a(lib_a-impure.o)
 .data          0x0000000000019fc4        0x0 /opt/altera/16.0/nios2eds/bin/gnu/H-x86_64-pc-linux-gnu/bin/../lib/gcc/nios2-elf/5.2.0/../../../../../H-x86_64-pc-linux-gnu/nios2-elf/lib/mhw-mulx/libc.a(lib_a-locale.o)
 .data.lc_message_charset
                0x0000000000019fc4       0x20 /opt/altera/16.0/nios2eds/bin/gnu/H-x86_64-pc-linux-gnu/bin/../lib/gcc/nios2-elf/5.2.0/../../../../../H-x86_64-pc-linux-gnu/nios2-elf/lib/mhw-mulx/libc.a(lib_a-locale.o)
 .data.lc_ctype_charset
                0x0000000000019fe4       0x20 /opt/altera/16.0/nios2eds/bin/gnu/H-x86_64-pc-linux-gnu/bin/../lib/gcc/nios2-elf/5.2.0/../../../../../H-x86_64-pc-linux-gnu/nios2-elf/lib/mhw-mulx/libc.a(lib_a-locale.o)
 .data.lconv    0x000000000001a004       0x38 /opt/altera/16.0/nios2eds/bin/gnu/H-x86_64-pc-linux-gnu/bin/../lib/gcc/nios2-elf/5.2.0/../../../../../H-x86_64-pc-linux-gnu/nios2-elf/lib/mhw-mulx/libc.a(lib_a-locale.o)
 .data          0x000000000001a03c        0x0 /opt/altera/16.0/nios2eds/bin/gnu/H-x86_64-pc-linux-gnu/bin/../lib/gcc/nios2-elf/5.2.0/../../../../../H-x86_64-pc-linux-gnu/nios2-elf/lib/mhw-mulx/libc.a(lib_a-makebuf.o)
 .data          0x000000000001a03c        0x0 /opt/altera/16.0/nios2eds/bin/gnu/H-x86_64-pc-linux-gnu/bin/../lib/gcc/nios2-elf/5.2.0/../../../../../H-x86_64-pc-linux-gnu/nios2-elf/lib/mhw-mulx/libc.a(lib_a-mallocr.o)
 .data.__malloc_av_
                0x000000000001a03c      0x408 /opt/altera/16.0/nios2eds/bin/gnu/H-x86_64-pc-linux-gnu/bin/../lib/gcc/nios2-elf/5.2.0/../../../../../H-x86_64-pc-linux-gnu/nios2-elf/lib/mhw-mulx/libc.a(lib_a-mallocr.o)
                0x000000000001a03c                __malloc_av_
 .data          0x000000000001a444        0x0 /opt/altera/16.0/nios2eds/bin/gnu/H-x86_64-pc-linux-gnu/bin/../lib/gcc/nios2-elf/5.2.0/../../../../../H-x86_64-pc-linux-gnu/nios2-elf/lib/mhw-mulx/libc.a(lib_a-memchr.o)
 .data          0x000000000001a444        0x0 /opt/altera/16.0/nios2eds/bin/gnu/H-x86_64-pc-linux-gnu/bin/../lib/gcc/nios2-elf/5.2.0/../../../../../H-x86_64-pc-linux-gnu/nios2-elf/lib/mhw-mulx/libc.a(lib_a-memcpy.o)
 .data          0x000000000001a444        0x0 /opt/altera/16.0/nios2eds/bin/gnu/H-x86_64-pc-linux-gnu/bin/../lib/gcc/nios2-elf/5.2.0/../../../../../H-x86_64-pc-linux-gnu/nios2-elf/lib/mhw-mulx/libc.a(lib_a-memset.o)
 .data          0x000000000001a444        0x0 /opt/altera/16.0/nios2eds/bin/gnu/H-x86_64-pc-linux-gnu/bin/../lib/gcc/nios2-elf/5.2.0/../../../../../H-x86_64-pc-linux-gnu/nios2-elf/lib/mhw-mulx/libc.a(lib_a-mprec.o)
 .data          0x000000000001a444        0x0 /opt/altera/16.0/nios2eds/bin/gnu/H-x86_64-pc-linux-gnu/bin/../lib/gcc/nios2-elf/5.2.0/../../../../../H-x86_64-pc-linux-gnu/nios2-elf/lib/mhw-mulx/libc.a(lib_a-s_fpclassify.o)
 .data          0x000000000001a444        0x0 /opt/altera/16.0/nios2eds/bin/gnu/H-x86_64-pc-linux-gnu/bin/../lib/gcc/nios2-elf/5.2.0/../../../../../H-x86_64-pc-linux-gnu/nios2-elf/lib/mhw-mulx/libc.a(lib_a-sbrkr.o)
 .data          0x000000000001a444        0x0 /opt/altera/16.0/nios2eds/bin/gnu/H-x86_64-pc-linux-gnu/bin/../lib/gcc/nios2-elf/5.2.0/../../../../../H-x86_64-pc-linux-gnu/nios2-elf/lib/mhw-mulx/libc.a(lib_a-stdio.o)
 .data          0x000000000001a444        0x0 /opt/altera/16.0/nios2eds/bin/gnu/H-x86_64-pc-linux-gnu/bin/../lib/gcc/nios2-elf/5.2.0/../../../../../H-x86_64-pc-linux-gnu/nios2-elf/lib/mhw-mulx/libc.a(lib_a-strcmp.o)
 .data          0x000000000001a444        0x0 /opt/altera/16.0/nios2eds/bin/gnu/H-x86_64-pc-linux-gnu/bin/../lib/gcc/nios2-elf/5.2.0/../../../../../H-x86_64-pc-linux-gnu/nios2-elf/lib/mhw-mulx/libc.a(lib_a-strlen.o)
 .data          0x000000000001a444        0x0 /opt/altera/16.0/nios2eds/bin/gnu/H-x86_64-pc-linux-gnu/bin/../lib/gcc/nios2-elf/5.2.0/../../../../../H-x86_64-pc-linux-gnu/nios2-elf/lib/mhw-mulx/libc.a(lib_a-vfiprintf.o)
 .data          0x000000000001a444        0x0 /opt/altera/16.0/nios2eds/bin/gnu/H-x86_64-pc-linux-gnu/bin/../lib/gcc/nios2-elf/5.2.0/../../../../../H-x86_64-pc-linux-gnu/nios2-elf/lib/mhw-mulx/libc.a(lib_a-writer.o)
 .data          0x000000000001a444        0x0 /opt/altera/16.0/nios2eds/bin/gnu/H-x86_64-pc-linux-gnu/bin/../lib/gcc/nios2-elf/5.2.0/../../../../../H-x86_64-pc-linux-gnu/nios2-elf/lib/mhw-mulx/libc.a(closer.o)
 .data          0x000000000001a444        0x0 /opt/altera/16.0/nios2eds/bin/gnu/H-x86_64-pc-linux-gnu/bin/../lib/gcc/nios2-elf/5.2.0/../../../../../H-x86_64-pc-linux-gnu/nios2-elf/lib/mhw-mulx/libc.a(lib_a-callocr.o)
 .data          0x000000000001a444        0x0 /opt/altera/16.0/nios2eds/bin/gnu/H-x86_64-pc-linux-gnu/bin/../lib/gcc/nios2-elf/5.2.0/../../../../../H-x86_64-pc-linux-gnu/nios2-elf/lib/mhw-mulx/libc.a(lib_a-fclose.o)
 .data          0x000000000001a444        0x0 /opt/altera/16.0/nios2eds/bin/gnu/H-x86_64-pc-linux-gnu/bin/../lib/gcc/nios2-elf/5.2.0/../../../../../H-x86_64-pc-linux-gnu/nios2-elf/lib/mhw-mulx/libc.a(lib_a-fputwc.o)
 .data          0x000000000001a444        0x0 /opt/altera/16.0/nios2eds/bin/gnu/H-x86_64-pc-linux-gnu/bin/../lib/gcc/nios2-elf/5.2.0/../../../../../H-x86_64-pc-linux-gnu/nios2-elf/lib/mhw-mulx/libc.a(lib_a-fstatr.o)
 .data          0x000000000001a444        0x0 /opt/altera/16.0/nios2eds/bin/gnu/H-x86_64-pc-linux-gnu/bin/../lib/gcc/nios2-elf/5.2.0/../../../../../H-x86_64-pc-linux-gnu/nios2-elf/lib/mhw-mulx/libc.a(lib_a-fvwrite.o)
 .data          0x000000000001a444        0x0 /opt/altera/16.0/nios2eds/bin/gnu/H-x86_64-pc-linux-gnu/bin/../lib/gcc/nios2-elf/5.2.0/../../../../../H-x86_64-pc-linux-gnu/nios2-elf/lib/mhw-mulx/libc.a(lib_a-int_errno.o)
 .data          0x000000000001a444        0x0 /opt/altera/16.0/nios2eds/bin/gnu/H-x86_64-pc-linux-gnu/bin/../lib/gcc/nios2-elf/5.2.0/../../../../../H-x86_64-pc-linux-gnu/nios2-elf/lib/mhw-mulx/libc.a(lib_a-isattyr.o)
 .data          0x000000000001a444        0x0 /opt/altera/16.0/nios2eds/bin/gnu/H-x86_64-pc-linux-gnu/bin/../lib/gcc/nios2-elf/5.2.0/../../../../../H-x86_64-pc-linux-gnu/nios2-elf/lib/mhw-mulx/libc.a(lib_a-lseekr.o)
 .data          0x000000000001a444        0x0 /opt/altera/16.0/nios2eds/bin/gnu/H-x86_64-pc-linux-gnu/bin/../lib/gcc/nios2-elf/5.2.0/../../../../../H-x86_64-pc-linux-gnu/nios2-elf/lib/mhw-mulx/libc.a(lib_a-memmove.o)
 .data          0x000000000001a444        0x0 /opt/altera/16.0/nios2eds/bin/gnu/H-x86_64-pc-linux-gnu/bin/../lib/gcc/nios2-elf/5.2.0/../../../../../H-x86_64-pc-linux-gnu/nios2-elf/lib/mhw-mulx/libc.a(lib_a-readr.o)
 .data          0x000000000001a444        0x0 /opt/altera/16.0/nios2eds/bin/gnu/H-x86_64-pc-linux-gnu/bin/../lib/gcc/nios2-elf/5.2.0/../../../../../H-x86_64-pc-linux-gnu/nios2-elf/lib/mhw-mulx/libc.a(lib_a-reallocr.o)
 .data          0x000000000001a444        0x0 /opt/altera/16.0/nios2eds/bin/gnu/H-x86_64-pc-linux-gnu/bin/../lib/gcc/nios2-elf/5.2.0/../../../../../H-x86_64-pc-linux-gnu/nios2-elf/lib/mhw-mulx/libc.a(lib_a-wbuf.o)
 .data          0x000000000001a444        0x0 /opt/altera/16.0/nios2eds/bin/gnu/H-x86_64-pc-linux-gnu/bin/../lib/gcc/nios2-elf/5.2.0/../../../../../H-x86_64-pc-linux-gnu/nios2-elf/lib/mhw-mulx/libc.a(lib_a-wcrtomb.o)
 .data          0x000000000001a444        0x0 /opt/altera/16.0/nios2eds/bin/gnu/H-x86_64-pc-linux-gnu/bin/../lib/gcc/nios2-elf/5.2.0/../../../../../H-x86_64-pc-linux-gnu/nios2-elf/lib/mhw-mulx/libc.a(lib_a-wctomb_r.o)
 .data          0x000000000001a444        0x0 /opt/altera/16.0/nios2eds/bin/gnu/H-x86_64-pc-linux-gnu/bin/../lib/gcc/nios2-elf/5.2.0/mhw-mulx/libgcc.a(_udivdi3.o)
 .data          0x000000000001a444        0x0 /opt/altera/16.0/nios2eds/bin/gnu/H-x86_64-pc-linux-gnu/bin/../lib/gcc/nios2-elf/5.2.0/mhw-mulx/libgcc.a(_umoddi3.o)
 .data          0x000000000001a444        0x0 /opt/altera/16.0/nios2eds/bin/gnu/H-x86_64-pc-linux-gnu/bin/../lib/gcc/nios2-elf/5.2.0/mhw-mulx/libgcc.a(lib2-divmod.o)
 .data          0x000000000001a444        0x0 /opt/altera/16.0/nios2eds/bin/gnu/H-x86_64-pc-linux-gnu/bin/../lib/gcc/nios2-elf/5.2.0/mhw-mulx/libgcc.a(adddf3.o)
 .data          0x000000000001a444        0x0 /opt/altera/16.0/nios2eds/bin/gnu/H-x86_64-pc-linux-gnu/bin/../lib/gcc/nios2-elf/5.2.0/mhw-mulx/libgcc.a(divdf3.o)
 .data          0x000000000001a444        0x0 /opt/altera/16.0/nios2eds/bin/gnu/H-x86_64-pc-linux-gnu/bin/../lib/gcc/nios2-elf/5.2.0/mhw-mulx/libgcc.a(eqdf2.o)
 .data          0x000000000001a444        0x0 /opt/altera/16.0/nios2eds/bin/gnu/H-x86_64-pc-linux-gnu/bin/../lib/gcc/nios2-elf/5.2.0/mhw-mulx/libgcc.a(gedf2.o)
 .data          0x000000000001a444        0x0 /opt/altera/16.0/nios2eds/bin/gnu/H-x86_64-pc-linux-gnu/bin/../lib/gcc/nios2-elf/5.2.0/mhw-mulx/libgcc.a(ledf2.o)
 .data          0x000000000001a444        0x0 /opt/altera/16.0/nios2eds/bin/gnu/H-x86_64-pc-linux-gnu/bin/../lib/gcc/nios2-elf/5.2.0/mhw-mulx/libgcc.a(muldf3.o)
 .data          0x000000000001a444        0x0 /opt/altera/16.0/nios2eds/bin/gnu/H-x86_64-pc-linux-gnu/bin/../lib/gcc/nios2-elf/5.2.0/mhw-mulx/libgcc.a(subdf3.o)
 .data          0x000000000001a444        0x0 /opt/altera/16.0/nios2eds/bin/gnu/H-x86_64-pc-linux-gnu/bin/../lib/gcc/nios2-elf/5.2.0/mhw-mulx/libgcc.a(fixdfsi.o)
 .data          0x000000000001a444        0x0 /opt/altera/16.0/nios2eds/bin/gnu/H-x86_64-pc-linux-gnu/bin/../lib/gcc/nios2-elf/5.2.0/mhw-mulx/libgcc.a(floatsidf.o)
 .data          0x000000000001a444        0x0 /opt/altera/16.0/nios2eds/bin/gnu/H-x86_64-pc-linux-gnu/bin/../lib/gcc/nios2-elf/5.2.0/mhw-mulx/libgcc.a(floatunsidf.o)
 .data          0x000000000001a444        0x0 /opt/altera/16.0/nios2eds/bin/gnu/H-x86_64-pc-linux-gnu/bin/../lib/gcc/nios2-elf/5.2.0/mhw-mulx/libgcc.a(_clz.o)
 .data          0x000000000001a444        0x0 /opt/altera/16.0/nios2eds/bin/gnu/H-x86_64-pc-linux-gnu/bin/../lib/gcc/nios2-elf/5.2.0/mhw-mulx/libgcc.a(_clzsi2.o)
 .data          0x000000000001a444        0x0 /home/cat/School/camkys_bsp//libucosii_bsp.a(alt_close.o)
 .data          0x000000000001a444      0x1a8 /home/cat/School/camkys_bsp//libucosii_bsp.a(alt_dev.o)
                0x000000000001a444                alt_dev_null
                0x000000000001a46c                alt_fd_list
 .data          0x000000000001a5ec        0x0 /home/cat/School/camkys_bsp//libucosii_bsp.a(alt_errno.o)
 .data          0x000000000001a5ec        0x0 /home/cat/School/camkys_bsp//libucosii_bsp.a(alt_fstat.o)
 .data          0x000000000001a5ec        0x0 /home/cat/School/camkys_bsp//libucosii_bsp.a(alt_isatty.o)
 .data          0x000000000001a5ec        0x0 /home/cat/School/camkys_bsp//libucosii_bsp.a(alt_load.o)
 .data          0x000000000001a5ec        0x0 /home/cat/School/camkys_bsp//libucosii_bsp.a(alt_lseek.o)
 .data          0x000000000001a5ec        0x0 /home/cat/School/camkys_bsp//libucosii_bsp.a(alt_main.o)
 .data          0x000000000001a5ec        0x0 /home/cat/School/camkys_bsp//libucosii_bsp.a(alt_read.o)
 .data          0x000000000001a5ec        0x0 /home/cat/School/camkys_bsp//libucosii_bsp.a(alt_release_fd.o)
 .data          0x000000000001a5ec        0x0 /home/cat/School/camkys_bsp//libucosii_bsp.a(alt_sbrk.o)
 .data          0x000000000001a5ec        0x0 /home/cat/School/camkys_bsp//libucosii_bsp.a(alt_write.o)
 .data          0x000000000001a5ec        0x0 /home/cat/School/camkys_bsp//libucosii_bsp.a(alt_env_lock.o)
 .data          0x000000000001a5ec        0x0 /home/cat/School/camkys_bsp//libucosii_bsp.a(alt_malloc_lock.o)
 .data          0x000000000001a5ec        0x0 /home/cat/School/camkys_bsp//libucosii_bsp.a(os_core.o)
 .data          0x000000000001a5ec        0x0 /home/cat/School/camkys_bsp//libucosii_bsp.a(os_dbg.o)
 .data          0x000000000001a5ec        0x0 /home/cat/School/camkys_bsp//libucosii_bsp.a(os_flag.o)
 .data          0x000000000001a5ec        0x0 /home/cat/School/camkys_bsp//libucosii_bsp.a(os_mem.o)
 .data          0x000000000001a5ec        0x0 /home/cat/School/camkys_bsp//libucosii_bsp.a(os_q.o)
 .data          0x000000000001a5ec        0x0 /home/cat/School/camkys_bsp//libucosii_bsp.a(os_sem.o)
 .data          0x000000000001a5ec        0x0 /home/cat/School/camkys_bsp//libucosii_bsp.a(os_task.o)
 .data          0x000000000001a5ec        0x0 /home/cat/School/camkys_bsp//libucosii_bsp.a(os_time.o)
 .data          0x000000000001a5ec     0x13a8 /home/cat/School/camkys_bsp//libucosii_bsp.a(alt_sys_init.o)
 .data          0x000000000001b994        0x0 /home/cat/School/camkys_bsp//libucosii_bsp.a(altera_avalon_jtag_uart_fd.o)
 .data          0x000000000001b994        0x0 /home/cat/School/camkys_bsp//libucosii_bsp.a(altera_avalon_jtag_uart_init.o)
 .data          0x000000000001b994        0x0 /home/cat/School/camkys_bsp//libucosii_bsp.a(altera_avalon_jtag_uart_ioctl.o)
 .data          0x000000000001b994        0x0 /home/cat/School/camkys_bsp//libucosii_bsp.a(altera_avalon_jtag_uart_read.o)
 .data          0x000000000001b994        0x0 /home/cat/School/camkys_bsp//libucosii_bsp.a(altera_avalon_jtag_uart_write.o)
 .data          0x000000000001b994        0x0 /home/cat/School/camkys_bsp//libucosii_bsp.a(altera_avalon_timer_sc.o)
 .data          0x000000000001b994        0x0 /home/cat/School/camkys_bsp//libucosii_bsp.a(altera_up_avalon_character_lcd.o)
 .data          0x000000000001b994        0x0 /home/cat/School/camkys_bsp//libucosii_bsp.a(altera_up_avalon_irda.o)
 .data          0x000000000001b994        0x0 /home/cat/School/camkys_bsp//libucosii_bsp.a(altera_up_avalon_ps2.o)
 .data          0x000000000001b994        0x0 /home/cat/School/camkys_bsp//libucosii_bsp.a(altera_up_avalon_rs232.o)
 .data          0x000000000001b994        0x0 /home/cat/School/camkys_bsp//libucosii_bsp.a(alt_alarm_start.o)
 .data          0x000000000001b994        0x0 /home/cat/School/camkys_bsp//libucosii_bsp.a(alt_dcache_flush_all.o)
 .data          0x000000000001b994        0x0 /home/cat/School/camkys_bsp//libucosii_bsp.a(alt_dev_llist_insert.o)
 .data          0x000000000001b994        0x0 /home/cat/School/camkys_bsp//libucosii_bsp.a(alt_do_ctors.o)
 .data          0x000000000001b994        0x0 /home/cat/School/camkys_bsp//libucosii_bsp.a(alt_do_dtors.o)
 .data          0x000000000001b994        0x0 /home/cat/School/camkys_bsp//libucosii_bsp.a(alt_find_dev.o)
 .data          0x000000000001b994        0x0 /home/cat/School/camkys_bsp//libucosii_bsp.a(alt_icache_flush_all.o)
 .data          0x000000000001b994        0x0 /home/cat/School/camkys_bsp//libucosii_bsp.a(alt_io_redirect.o)
 .data          0x000000000001b994        0x0 /home/cat/School/camkys_bsp//libucosii_bsp.a(alt_irq_register.o)
 .data          0x000000000001b994        0x0 /home/cat/School/camkys_bsp//libucosii_bsp.a(alt_irq_vars.o)
 .data          0x000000000001b994        0x0 /home/cat/School/camkys_bsp//libucosii_bsp.a(alt_open.o)
 .data          0x000000000001b994        0x0 /home/cat/School/camkys_bsp//libucosii_bsp.a(alt_tick.o)
 .data          0x000000000001b994        0x0 /home/cat/School/camkys_bsp//libucosii_bsp.a(altera_nios2_gen2_irq.o)
 .data          0x000000000001b994        0x0 /home/cat/School/camkys_bsp//libucosii_bsp.a(os_cpu_a.o)
 .data          0x000000000001b994        0x0 /home/cat/School/camkys_bsp//libucosii_bsp.a(os_cpu_c.o)
 .data          0x000000000001b994        0x0 /home/cat/School/camkys_bsp//libucosii_bsp.a(alt_find_file.o)
 .data          0x000000000001b994        0x0 /home/cat/School/camkys_bsp//libucosii_bsp.a(alt_get_fd.o)
 .data          0x000000000001b994        0x0 /home/cat/School/camkys_bsp//libucosii_bsp.a(alt_icache_flush.o)
 .data          0x000000000001b994        0x0 /home/cat/School/camkys_bsp//libucosii_bsp.a(alt_irq_entry.o)
 .data          0x000000000001b994        0x0 /home/cat/School/camkys_bsp//libucosii_bsp.a(alt_irq_handler.o)
 .data          0x000000000001b994        0x0 /home/cat/School/camkys_bsp//libucosii_bsp.a(alt_exception_entry.o)
 .data          0x000000000001b994        0x0 /home/cat/School/camkys_bsp//libucosii_bsp.a(alt_instruction_exception_entry.o)
 .data          0x000000000001b994        0x0 /opt/altera/16.0/nios2eds/bin/gnu/H-x86_64-pc-linux-gnu/bin/../lib/gcc/nios2-elf/5.2.0/../../../../../H-x86_64-pc-linux-gnu/nios2-elf/lib/mhw-mulx/libc.a(lib_a-atexit.o)
 .data          0x000000000001b994        0x0 /opt/altera/16.0/nios2eds/bin/gnu/H-x86_64-pc-linux-gnu/bin/../lib/gcc/nios2-elf/5.2.0/../../../../../H-x86_64-pc-linux-gnu/nios2-elf/lib/mhw-mulx/libc.a(lib_a-exit.o)
 .data          0x000000000001b994        0x0 /opt/altera/16.0/nios2eds/bin/gnu/H-x86_64-pc-linux-gnu/bin/../lib/gcc/nios2-elf/5.2.0/../../../../../H-x86_64-pc-linux-gnu/nios2-elf/lib/mhw-mulx/libc.a(lib_a-memcmp.o)
 .data          0x000000000001b994        0x0 /opt/altera/16.0/nios2eds/bin/gnu/H-x86_64-pc-linux-gnu/bin/../lib/gcc/nios2-elf/5.2.0/../../../../../H-x86_64-pc-linux-gnu/nios2-elf/lib/mhw-mulx/libc.a(lib_a-__atexit.o)
 .data          0x000000000001b994        0x0 /opt/altera/16.0/nios2eds/bin/gnu/H-x86_64-pc-linux-gnu/bin/../lib/gcc/nios2-elf/5.2.0/../../../../../H-x86_64-pc-linux-gnu/nios2-elf/lib/mhw-mulx/libc.a(lib_a-__call_atexit.o)
 .data          0x000000000001b994        0x0 /home/cat/School/camkys_bsp//libucosii_bsp.a(alt_exit.o)
                0x0000000000023994                _gp = ABSOLUTE ((. + 0x8000))
                [!provide]                        PROVIDE (gp, _gp)
 *(.rwdata .rwdata.*)
 *(.sdata .sdata.* .gnu.linkonce.s.*)
 .sdata._global_impure_ptr
                0x000000000001b994        0x4 /opt/altera/16.0/nios2eds/bin/gnu/H-x86_64-pc-linux-gnu/bin/../lib/gcc/nios2-elf/5.2.0/../../../../../H-x86_64-pc-linux-gnu/nios2-elf/lib/mhw-mulx/libc.a(lib_a-impure.o)
                0x000000000001b994                _global_impure_ptr
 .sdata._impure_ptr
                0x000000000001b998        0x4 /opt/altera/16.0/nios2eds/bin/gnu/H-x86_64-pc-linux-gnu/bin/../lib/gcc/nios2-elf/5.2.0/../../../../../H-x86_64-pc-linux-gnu/nios2-elf/lib/mhw-mulx/libc.a(lib_a-impure.o)
                0x000000000001b998                _impure_ptr
 .sdata.__mb_cur_max